
Discarded input sections

 .group         0x00000000        0xc ./Project_Settings/Startup_Code/exceptions.o
 .group         0x00000000        0xc ./Project_Settings/Startup_Code/exceptions.o
 .group         0x00000000        0xc ./Project_Settings/Startup_Code/exceptions.o
 .group         0x00000000        0xc ./Project_Settings/Startup_Code/exceptions.o
 .group         0x00000000        0xc ./Project_Settings/Startup_Code/exceptions.o
 .group         0x00000000        0xc ./Project_Settings/Startup_Code/exceptions.o
 .group         0x00000000        0xc ./Project_Settings/Startup_Code/exceptions.o
 .group         0x00000000        0xc ./Project_Settings/Startup_Code/exceptions.o
 .group         0x00000000        0xc ./Project_Settings/Startup_Code/exceptions.o
 .group         0x00000000        0xc ./Project_Settings/Startup_Code/exceptions.o
 .group         0x00000000        0xc ./Project_Settings/Startup_Code/exceptions.o
 .group         0x00000000        0xc ./Project_Settings/Startup_Code/exceptions.o
 .group         0x00000000        0xc ./Project_Settings/Startup_Code/exceptions.o
 .group         0x00000000        0xc ./Project_Settings/Startup_Code/exceptions.o
 .group         0x00000000        0xc ./Project_Settings/Startup_Code/exceptions.o
 .group         0x00000000        0xc ./Project_Settings/Startup_Code/exceptions.o
 .group         0x00000000        0xc ./Project_Settings/Startup_Code/exceptions.o
 .group         0x00000000        0xc ./Project_Settings/Startup_Code/exceptions.o
 .group         0x00000000        0xc ./Project_Settings/Startup_Code/exceptions.o
 .group         0x00000000        0xc ./Project_Settings/Startup_Code/exceptions.o
 .group         0x00000000        0xc ./Project_Settings/Startup_Code/exceptions.o
 .group         0x00000000        0xc ./Project_Settings/Startup_Code/exceptions.o
 .group         0x00000000        0xc ./Project_Settings/Startup_Code/exceptions.o
 .group         0x00000000        0xc ./Project_Settings/Startup_Code/exceptions.o
 .group         0x00000000        0xc ./Project_Settings/Startup_Code/exceptions.o
 .group         0x00000000        0xc ./Project_Settings/Startup_Code/exceptions.o
 .group         0x00000000        0xc ./Project_Settings/Startup_Code/nvic.o
 .group         0x00000000        0xc ./Project_Settings/Startup_Code/nvic.o
 .group         0x00000000        0xc ./Project_Settings/Startup_Code/nvic.o
 .group         0x00000000        0xc ./Project_Settings/Startup_Code/nvic.o
 .group         0x00000000        0xc ./Project_Settings/Startup_Code/nvic.o
 .group         0x00000000        0xc ./Project_Settings/Startup_Code/nvic.o
 .group         0x00000000        0xc ./Project_Settings/Startup_Code/nvic.o
 .group         0x00000000        0xc ./Project_Settings/Startup_Code/nvic.o
 .group         0x00000000        0xc ./Project_Settings/Startup_Code/nvic.o
 .group         0x00000000        0xc ./Project_Settings/Startup_Code/nvic.o
 .group         0x00000000        0xc ./Project_Settings/Startup_Code/nvic.o
 .group         0x00000000        0xc ./Project_Settings/Startup_Code/nvic.o
 .group         0x00000000        0xc ./Project_Settings/Startup_Code/nvic.o
 .group         0x00000000        0xc ./Project_Settings/Startup_Code/nvic.o
 .group         0x00000000        0xc ./Project_Settings/Startup_Code/nvic.o
 .group         0x00000000        0xc ./Project_Settings/Startup_Code/nvic.o
 .group         0x00000000        0xc ./Project_Settings/Startup_Code/nvic.o
 .group         0x00000000        0xc ./Project_Settings/Startup_Code/nvic.o
 .group         0x00000000        0xc ./Project_Settings/Startup_Code/nvic.o
 .group         0x00000000        0xc ./Project_Settings/Startup_Code/nvic.o
 .group         0x00000000        0xc ./Project_Settings/Startup_Code/nvic.o
 .group         0x00000000        0xc ./Project_Settings/Startup_Code/nvic.o
 .debug_macro   0x00000000      0xacc ./Project_Settings/Startup_Code/nvic.o
 .debug_macro   0x00000000       0x22 ./Project_Settings/Startup_Code/nvic.o
 .debug_macro   0x00000000       0x56 ./Project_Settings/Startup_Code/nvic.o
 .debug_macro   0x00000000       0x51 ./Project_Settings/Startup_Code/nvic.o
 .debug_macro   0x00000000       0xef ./Project_Settings/Startup_Code/nvic.o
 .debug_macro   0x00000000       0x6a ./Project_Settings/Startup_Code/nvic.o
 .debug_macro   0x00000000      0x1df ./Project_Settings/Startup_Code/nvic.o
 .debug_macro   0x00000000       0x22 ./Project_Settings/Startup_Code/nvic.o
 .debug_macro   0x00000000      0x16d ./Project_Settings/Startup_Code/nvic.o
 .debug_macro   0x00000000       0x82 ./Project_Settings/Startup_Code/nvic.o
 .debug_macro   0x00000000      0x97b ./Project_Settings/Startup_Code/nvic.o
 .debug_macro   0x00000000       0x3a ./Project_Settings/Startup_Code/nvic.o
 .debug_macro   0x00000000       0xa2 ./Project_Settings/Startup_Code/nvic.o
 .debug_macro   0x00000000       0x68 ./Project_Settings/Startup_Code/nvic.o
[...]
Memory Configuration

Name             Origin             Length             Attributes
int_itcm         0x00000000         0x00000000
int_dtcm         0x20000000         0x00010000
int_sram_shareable 0x22c00000         0x00004000
int_sram         0x34000000         0x00200000
int_sram_stack_c0 0x34200000         0x00002000
int_sram_stack_c1 0x34202000         0x00002000
int_sram_stack_c2 0x34204000         0x00002000
int_sram_no_cacheable 0x34206000         0x00100000
ram_rsvd2        0x34800000         0x00000000
LLCE_CAN_SHAREDMEMORY 0x43800000         0x0003c800
LLCE_LIN_SHAREDMEMORY 0x4383c800         0x000000a0
LLCE_BOOT_END    0x4383c8a0         0x00000050
LLCE_MEAS_SHAREDMEMORY 0x4384ffdf         0x00000020
*default*        0x00000000         0xffffffff

Linker script and memory map

LOAD ./Project_Settings/Startup_Code/Vector_Table.o
LOAD ./Project_Settings/Startup_Code/exceptions.o
LOAD ./Project_Settings/Startup_Code/nvic.o
LOAD ./Project_Settings/Startup_Code/startup.o
LOAD ./Project_Settings/Startup_Code/startup_cm7.o
LOAD ./Project_Settings/Startup_Code/system.o
LOAD ./RTD/src/Clock_Ip.o
LOAD ./RTD/src/Clock_Ip_Data.o
LOAD ./RTD/src/Clock_Ip_Data1.o
LOAD ./RTD/src/Clock_Ip_Data2.o
LOAD ./RTD/src/Clock_Ip_Divider.o
LOAD ./RTD/src/Clock_Ip_DividerTrigger.o
LOAD ./RTD/src/Clock_Ip_ExtOsc.o
LOAD ./RTD/src/Clock_Ip_FracDiv.o
LOAD ./RTD/src/Clock_Ip_Frequency.o
LOAD ./RTD/src/Clock_Ip_Frequency1.o
LOAD ./RTD/src/Clock_Ip_Frequency2.o
LOAD ./RTD/src/Clock_Ip_Gate.o
LOAD ./RTD/src/Clock_Ip_IntOsc.o
LOAD ./RTD/src/Clock_Ip_Irq.o
LOAD ./RTD/src/Clock_Ip_Monitor.o
LOAD ./RTD/src/Clock_Ip_Pll.o
LOAD ./RTD/src/Clock_Ip_ProgFreqSwitch.o
LOAD ./RTD/src/Clock_Ip_Selector.o
LOAD ./RTD/src/Clock_Ip_Specific.o
LOAD ./RTD/src/Clock_Ip_Specific1.o
LOAD ./RTD/src/Clock_Ip_Specific2.o
LOAD ./RTD/src/Det.o
LOAD ./RTD/src/Det_stub.o
LOAD ./RTD/src/OsIf_Interrupts.o
LOAD ./RTD/src/OsIf_Timer.o
LOAD ./RTD/src/OsIf_Timer_System.o
LOAD ./RTD/src/OsIf_Timer_System_Internal_GenericTimer.o
LOAD ./RTD/src/OsIf_Timer_System_Internal_Systick.o
LOAD ./RTD/src/SchM_Dio.o
LOAD ./RTD/src/SchM_Mcu.o
LOAD ./RTD/src/SchM_Port.o
LOAD ./RTD/src/Siul2_Dio_Ip.o
LOAD ./RTD/src/Siul2_Port_Ip.o
LOAD ./board/Siul2_Port_Ip_Cfg.o
LOAD ./board/dcd_config.o
LOAD ./board/ivt_config.o
LOAD ./board/quadspi_config.o
LOAD ./generate/src/Clock_Ip_BOARD_InitPeripherals_PBcfg.o
LOAD ./generate/src/Clock_Ip_Cfg.o
LOAD ./generate/src/OsIf_Cfg.o
LOAD ./src/main.o
LOAD C:/NXP/S32DS.3.5/S32DS/build_tools/gcc_v9.2/gcc-9.2-arm32-eabi/arm-none-eabi/newlib/lib/thumb/v7e-m+fp/hard\libc_nano.a
LOAD C:/NXP/S32DS.3.5/S32DS/build_tools/gcc_v9.2/gcc-9.2-arm32-eabi/arm-none-eabi/newlib/lib/thumb/v7e-m+fp/hard\libm.a
LOAD c:/nxp/s32ds.3.5/s32ds/build_tools/gcc_v9.2/gcc-9.2-arm32-eabi/bin/../lib/gcc/arm-none-eabi/9.2.0/thumb/v7e-m+fp/hard\libgcc.a
START GROUP
LOAD c:/nxp/s32ds.3.5/s32ds/build_tools/gcc_v9.2/gcc-9.2-arm32-eabi/bin/../lib/gcc/arm-none-eabi/9.2.0/thumb/v7e-m+fp/hard\libgcc.a
LOAD C:/NXP/S32DS.3.5/S32DS/build_tools/gcc_v9.2/gcc-9.2-arm32-eabi/arm-none-eabi/newlib/lib/thumb/v7e-m+fp/hard\libg_nano.a
LOAD C:/NXP/S32DS.3.5/S32DS/build_tools/gcc_v9.2/gcc-9.2-arm32-eabi/arm-none-eabi/newlib/lib/thumb/v7e-m+fp/hard\libc_nano.a
END GROUP
START GROUP
LOAD c:/nxp/s32ds.3.5/s32ds/build_tools/gcc_v9.2/gcc-9.2-arm32-eabi/bin/../lib/gcc/arm-none-eabi/9.2.0/thumb/v7e-m+fp/hard\libgcc.a
LOAD C:/NXP/S32DS.3.5/S32DS/build_tools/gcc_v9.2/gcc-9.2-arm32-eabi/arm-none-eabi/newlib/lib/thumb/v7e-m+fp/hard\libc_nano.a
LOAD C:/NXP/S32DS.3.5/S32DS/build_tools/gcc_v9.2/gcc-9.2-arm32-eabi/arm-none-eabi/newlib/lib/thumb/v7e-m+fp/hard\libnosys.a
END GROUP
START GROUP
LOAD c:/nxp/s32ds.3.5/s32ds/build_tools/gcc_v9.2/gcc-9.2-arm32-eabi/bin/../lib/gcc/arm-none-eabi/9.2.0/thumb/v7e-m+fp/hard\libgcc.a
LOAD C:/NXP/S32DS.3.5/S32DS/build_tools/gcc_v9.2/gcc-9.2-arm32-eabi/arm-none-eabi/newlib/lib/thumb/v7e-m+fp/hard\libc_nano.a
LOAD C:/NXP/S32DS.3.5/S32DS/build_tools/gcc_v9.2/gcc-9.2-arm32-eabi/arm-none-eabi/newlib/lib/thumb/v7e-m+fp/hard\libnosys.a
END GROUP
                0x00003000                HEAP_SIZE = DEFINED (__heap_size__)?__heap_size__:0x3000

.sram           0x34000000     0x5318
                0x34000000                . = ALIGN (0x4)
 *(.core_loop)
 .core_loop     0x34000000        0xc ./Project_Settings/Startup_Code/startup_cm7.o
                0x34000000                _core_loop
                0x3400000c                . = ALIGN (0x4)
 *(.startup)
 *fill*         0x3400000c        0x4 
 .startup       0x34000010      0x1d0 ./Project_Settings/Startup_Code/startup_cm7.o
                0x34000010                Reset_Handler
                0x34000010                _start
                0x3400016a                MCAL_LTB_TRACE_OFF
                0x3400016c                _end_of_eunit_test
                0x340001e0                . = ALIGN (0x4)
 *(.text.startup)
 .text.startup  0x340001e0       0x38 ./src/main.o
                0x340001e0                main
                0x34000218                . = ALIGN (0x4)
 *(.text)
 .text          0x34000218        0x0 ./Project_Settings/Startup_Code/Vector_Table.o
 .text          0x34000218        0x0 ./Project_Settings/Startup_Code/exceptions.o
 .text          0x34000218        0x0 ./Project_Settings/Startup_Code/nvic.o
 .text          0x34000218        0x0 ./Project_Settings/Startup_Code/startup.o
 .text          0x34000218        0x0 ./Project_Settings/Startup_Code/startup_cm7.o
 .text          0x34000218        0xc ./Project_Settings/Startup_Code/system.o
                0x34000218                Sys_GetCoreID
 .text          0x34000224        0x0 ./RTD/src/Clock_Ip.o
 .text          0x34000224        0x0 ./RTD/src/Clock_Ip_Data.o
 .text          0x34000224        0x0 ./RTD/src/Clock_Ip_Data1.o
 .text          0x34000224        0x0 ./RTD/src/Clock_Ip_Data2.o
 .text          0x34000224        0x0 ./RTD/src/Clock_Ip_Divider.o
 .text          0x34000224        0x0 ./RTD/src/Clock_Ip_DividerTrigger.o
 .text          0x34000224        0x0 ./RTD/src/Clock_Ip_ExtOsc.o
 .text          0x34000224        0x0 ./RTD/src/Clock_Ip_FracDiv.o
 .text          0x34000224        0x0 ./RTD/src/Clock_Ip_Frequency.o
 .text          0x34000224        0x0 ./RTD/src/Clock_Ip_Frequency1.o
 .text          0x34000224        0x0 ./RTD/src/Clock_Ip_Frequency2.o
 .text          0x34000224        0x0 ./RTD/src/Clock_Ip_Gate.o
 .text          0x34000224        0x0 ./RTD/src/Clock_Ip_IntOsc.o
 .text          0x34000224        0x0 ./RTD/src/Clock_Ip_Irq.o
 .text          0x34000224        0x0 ./RTD/src/Clock_Ip_Monitor.o
 .text          0x34000224        0x0 ./RTD/src/Clock_Ip_Pll.o
 .text          0x34000224        0x0 ./RTD/src/Clock_Ip_ProgFreqSwitch.o
 .text          0x34000224        0x0 ./RTD/src/Clock_Ip_Selector.o
 .text          0x34000224        0x0 ./RTD/src/Clock_Ip_Specific.o
 .text          0x34000224        0x0 ./RTD/src/Clock_Ip_Specific1.o
 .text          0x34000224        0x0 ./RTD/src/Clock_Ip_Specific2.o
 .text          0x34000224        0x0 ./RTD/src/Det.o
 .text          0x34000224        0x0 ./RTD/src/Det_stub.o
 .text          0x34000224        0x0 ./RTD/src/OsIf_Interrupts.o
 .text          0x34000224        0x0 ./RTD/src/OsIf_Timer.o
 .text          0x34000224        0x0 ./RTD/src/OsIf_Timer_System.o
 .text          0x34000224        0x0 ./RTD/src/OsIf_Timer_System_Internal_GenericTimer.o
 .text          0x34000224        0x0 ./RTD/src/OsIf_Timer_System_Internal_Systick.o
 .text          0x34000224        0x6 ./RTD/src/SchM_Dio.o
                0x34000224                Dio_schm_read_msr
 .text          0x3400022a        0x6 ./RTD/src/SchM_Mcu.o
                0x3400022a                Mcu_schm_read_msr
 .text          0x34000230        0x6 ./RTD/src/SchM_Port.o
                0x34000230                Port_schm_read_msr
 .text          0x34000236       0x14 ./RTD/src/Siul2_Dio_Ip.o
 .text          0x3400024a        0x0 ./RTD/src/Siul2_Port_Ip.o
 .text          0x3400024a        0x0 ./board/Siul2_Port_Ip_Cfg.o
 .text          0x3400024a        0x0 ./board/dcd_config.o
 .text          0x3400024a        0x0 ./board/ivt_config.o
 .text          0x3400024a        0x0 ./board/quadspi_config.o
 .text          0x3400024a        0x0 ./generate/src/Clock_Ip_BOARD_InitPeripherals_PBcfg.o
 .text          0x3400024a        0x0 ./generate/src/Clock_Ip_Cfg.o
 .text          0x3400024a        0x0 ./generate/src/OsIf_Cfg.o
 .text          0x3400024a        0x0 ./src/main.o
 *(.text*)
                0x3400024c                . = ALIGN (0x4)
 *fill*         0x3400024a        0x2 
 *(.mcal_text)
 .mcal_text     0x3400024c       0x14 ./Project_Settings/Startup_Code/exceptions.o
                0x3400024c                NMI_Handler
                0x3400024e                HardFault_Handler
                0x34000250                MemManage_Handler
                0x34000252                BusFault_Handler
                0x34000254                UsageFault_Handler
                0x34000256                SVC_Handler
                0x34000258                DebugMon_Handler
                0x3400025a                PendSV_Handler
                0x3400025c                SysTick_Handler
                0x3400025e                undefined_handler
 .mcal_text     0x34000260       0x52 ./Project_Settings/Startup_Code/nvic.o
                0x34000260                NVIC_SetPriorityGrouping
                0x34000274                NVIC_EnableIRQ
                0x3400028c                NVIC_DisableIRQ
                0x340002a4                NVIC_SetPriority
 *fill*         0x340002b2        0x2 
 .mcal_text     0x340002b4       0x54 ./Project_Settings/Startup_Code/startup.o
                0x340002b4                init_data_bss
 .mcal_text     0x34000308      0x220 ./Project_Settings/Startup_Code/system.o
                0x34000308                startup_go_to_user_mode
                0x3400030a                default_interrupt_routine
                0x3400030c                SystemWfiConfig
                0x34000368                SystemInit
 .mcal_text     0x34000528      0x870 ./RTD/src/Clock_Ip.o
                0x3400052a                Clock_Ip_InitClock
                0x34000a8c                Clock_Ip_GetPllStatus
                0x34000b28                Clock_Ip_DistributePll
                0x34000c20                Clock_Ip_Init
                0x34000c44                Clock_Ip_DisableClockMonitor
                0x34000c6c                Clock_Ip_GetClockMonitorStatus
                0x34000c94                Clock_Ip_ClearClockMonitorStatus
                0x34000cbc                Clock_Ip_InstallNotificationsCallback
                0x34000cc8                Clock_Ip_DisableModuleClock
                0x34000cf0                Clock_Ip_EnableModuleClock
                0x34000d18                Clock_Ip_ReportClockErrors
                0x34000d24                Clock_Ip_StartTimeout
                0x34000d44                Clock_Ip_TimeoutExpired
                0x34000d60                Clock_Ip_GetConfiguredFrequencyValue
 .mcal_text     0x34000d98      0x154 ./RTD/src/Clock_Ip_Divider.o
 .mcal_text     0x34000eec        0x2 ./RTD/src/Clock_Ip_DividerTrigger.o
 *fill*         0x34000eee        0x2 
 .mcal_text     0x34000ef0      0x114 ./RTD/src/Clock_Ip_ExtOsc.o
 .mcal_text     0x34001004       0xe4 ./RTD/src/Clock_Ip_FracDiv.o
 .mcal_text     0x340010e8      0x124 ./RTD/src/Clock_Ip_Gate.o
 .mcal_text     0x3400120c        0x4 ./RTD/src/Clock_Ip_IntOsc.o
 .mcal_text     0x34001210        0x4 ./RTD/src/Clock_Ip_Irq.o
                0x34001210                Mcu_Cmu_ClockFail_IRQHandler
 .mcal_text     0x34001214      0x268 ./RTD/src/Clock_Ip_Monitor.o
                0x34001426                Clock_Ip_CMU_GetInterruptStatus
                0x34001438                Clock_Ip_CMU_ClockFailInt
 .mcal_text     0x3400147c      0x18c ./RTD/src/Clock_Ip_Pll.o
 .mcal_text     0x34001608      0x140 ./RTD/src/Clock_Ip_ProgFreqSwitch.o
 .mcal_text     0x34001748      0x3b0 ./RTD/src/Clock_Ip_Selector.o
                0x34001a5e                Clock_Ip_ConfigureResetGenCtrl1
                0x34001a8c                Clock_Ip_ConfigureSetGenCtrl1
                0x34001ad0                Clock_Ip_SetRtcRtccClksel_TrustedCall
 .mcal_text     0x34001af8      0x250 ./RTD/src/Clock_Ip_Specific.o
                0x34001af8                Clock_Ip_McMeEnterKey
                0x34001b0c                Clock_Ip_SpecificPeripheralClockInitialization
                0x34001b0e                Clock_Ip_SpecificPlatformInitClock
                0x34001d44                Clock_Ip_ClockInitializeObjects
                0x34001d46                Clock_Ip_ClockPowerModeChangeNotification
 .mcal_text     0x34001d48       0xa4 ./RTD/src/Det.o
                0x34001d48                Det_Init
                0x34001d4a                Det_ReportError
                0x34001d80                Det_ReportRuntimeError
                0x34001db4                Det_ReportTransientFault
                0x34001de8                Det_Start
 .mcal_text     0x34001dec      0x21c ./RTD/src/Det_stub.o
                0x34001dec                Det_TestLastReportError
                0x34001e54                Det_TestLastReportRuntimeError
                0x34001ebc                Det_TestLastReportTransientFault
                0x34001f24                Det_TestNoError
                0x34001f70                Det_TestNoRuntimeError
                0x34001fbc                Det_TestNoTransientFault
 .mcal_text     0x34002008       0x1e ./RTD/src/OsIf_Timer.o
                0x34002008                OsIf_Init
                0x34002010                OsIf_GetCounter
                0x34002014                OsIf_GetElapsed
                0x3400201c                OsIf_SetTimerFrequency
                0x3400201e                OsIf_MicrosToTicks
 *fill*         0x34002026        0x2 
 .mcal_text     0x34002028       0x4c ./RTD/src/OsIf_Timer_System_Internal_Systick.o
                0x34002028                OsIf_Timer_System_Internal_Init
                0x34002040                OsIf_Timer_System_Internal_GetCounter
                0x34002050                OsIf_Timer_System_Internal_GetElapsed
 .mcal_text     0x34002074       0xc8 ./RTD/src/SchM_Dio.o
                0x34002074                SchM_Enter_Dio_DIO_EXCLUSIVE_AREA_00
                0x340020a8                SchM_Exit_Dio_DIO_EXCLUSIVE_AREA_00
                0x340020d8                SchM_Enter_Dio_DIO_EXCLUSIVE_AREA_01
                0x3400210c                SchM_Exit_Dio_DIO_EXCLUSIVE_AREA_01
 .mcal_text     0x3400213c      0x12c ./RTD/src/SchM_Mcu.o
                0x3400213c                SchM_Enter_Mcu_MCU_EXCLUSIVE_AREA_00
                0x34002170                SchM_Exit_Mcu_MCU_EXCLUSIVE_AREA_00
                0x340021a0                SchM_Enter_Mcu_MCU_EXCLUSIVE_AREA_01
                0x340021d4                SchM_Exit_Mcu_MCU_EXCLUSIVE_AREA_01
                0x34002204                SchM_Enter_Mcu_MCU_EXCLUSIVE_AREA_02
                0x34002238                SchM_Exit_Mcu_MCU_EXCLUSIVE_AREA_02
 .mcal_text     0x34002268      0xaf0 ./RTD/src/SchM_Port.o
                0x34002268                SchM_Enter_Port_PORT_EXCLUSIVE_AREA_00
                0x3400229c                SchM_Exit_Port_PORT_EXCLUSIVE_AREA_00
                0x340022cc                SchM_Enter_Port_PORT_EXCLUSIVE_AREA_01
                0x34002300                SchM_Exit_Port_PORT_EXCLUSIVE_AREA_01
                0x34002330                SchM_Enter_Port_PORT_EXCLUSIVE_AREA_02
                0x34002364                SchM_Exit_Port_PORT_EXCLUSIVE_AREA_02
                0x34002394                SchM_Enter_Port_PORT_EXCLUSIVE_AREA_03
                0x340023c8                SchM_Exit_Port_PORT_EXCLUSIVE_AREA_03
                0x340023f8                SchM_Enter_Port_PORT_EXCLUSIVE_AREA_04
                0x3400242c                SchM_Exit_Port_PORT_EXCLUSIVE_AREA_04
                0x3400245c                SchM_Enter_Port_PORT_EXCLUSIVE_AREA_05
                0x34002490                SchM_Exit_Port_PORT_EXCLUSIVE_AREA_05
                0x340024c0                SchM_Enter_Port_PORT_EXCLUSIVE_AREA_06
                0x340024f4                SchM_Exit_Port_PORT_EXCLUSIVE_AREA_06
                0x34002524                SchM_Enter_Port_PORT_EXCLUSIVE_AREA_07
                0x34002558                SchM_Exit_Port_PORT_EXCLUSIVE_AREA_07
                0x34002588                SchM_Enter_Port_PORT_EXCLUSIVE_AREA_08
                0x340025bc                SchM_Exit_Port_PORT_EXCLUSIVE_AREA_08
                0x340025ec                SchM_Enter_Port_PORT_EXCLUSIVE_AREA_09
                0x34002620                SchM_Exit_Port_PORT_EXCLUSIVE_AREA_09
                0x34002650                SchM_Enter_Port_PORT_EXCLUSIVE_AREA_10
                0x34002684                SchM_Exit_Port_PORT_EXCLUSIVE_AREA_10
                0x340026b4                SchM_Enter_Port_PORT_EXCLUSIVE_AREA_11
                0x340026e8                SchM_Exit_Port_PORT_EXCLUSIVE_AREA_11
                0x34002718                SchM_Enter_Port_PORT_EXCLUSIVE_AREA_12
                0x3400274c                SchM_Exit_Port_PORT_EXCLUSIVE_AREA_12
                0x3400277c                SchM_Enter_Port_PORT_EXCLUSIVE_AREA_13
                0x340027b0                SchM_Exit_Port_PORT_EXCLUSIVE_AREA_13
                0x340027e0                SchM_Enter_Port_PORT_EXCLUSIVE_AREA_14
                0x34002814                SchM_Exit_Port_PORT_EXCLUSIVE_AREA_14
                0x34002844                SchM_Enter_Port_PORT_EXCLUSIVE_AREA_15
                0x34002878                SchM_Exit_Port_PORT_EXCLUSIVE_AREA_15
                0x340028a8                SchM_Enter_Port_PORT_EXCLUSIVE_AREA_16
                0x340028dc                SchM_Exit_Port_PORT_EXCLUSIVE_AREA_16
                0x3400290c                SchM_Enter_Port_PORT_EXCLUSIVE_AREA_17
                0x34002940                SchM_Exit_Port_PORT_EXCLUSIVE_AREA_17
                0x34002970                SchM_Enter_Port_PORT_EXCLUSIVE_AREA_18
                0x340029a4                SchM_Exit_Port_PORT_EXCLUSIVE_AREA_18
                0x340029d4                SchM_Enter_Port_PORT_EXCLUSIVE_AREA_19
                0x34002a08                SchM_Exit_Port_PORT_EXCLUSIVE_AREA_19
                0x34002a38                SchM_Enter_Port_PORT_EXCLUSIVE_AREA_20
                0x34002a6c                SchM_Exit_Port_PORT_EXCLUSIVE_AREA_20
                0x34002a9c                SchM_Enter_Port_PORT_EXCLUSIVE_AREA_21
                0x34002ad0                SchM_Exit_Port_PORT_EXCLUSIVE_AREA_21
                0x34002b00                SchM_Enter_Port_PORT_EXCLUSIVE_AREA_22
                0x34002b34                SchM_Exit_Port_PORT_EXCLUSIVE_AREA_22
                0x34002b64                SchM_Enter_Port_PORT_EXCLUSIVE_AREA_23
                0x34002b98                SchM_Exit_Port_PORT_EXCLUSIVE_AREA_23
                0x34002bc8                SchM_Enter_Port_PORT_EXCLUSIVE_AREA_24
                0x34002bfc                SchM_Exit_Port_PORT_EXCLUSIVE_AREA_24
                0x34002c2c                SchM_Enter_Port_PORT_EXCLUSIVE_AREA_25
                0x34002c60                SchM_Exit_Port_PORT_EXCLUSIVE_AREA_25
                0x34002c90                SchM_Enter_Port_PORT_EXCLUSIVE_AREA_26
                0x34002cc4                SchM_Exit_Port_PORT_EXCLUSIVE_AREA_26
                0x34002cf4                SchM_Enter_Port_PORT_EXCLUSIVE_AREA_27
                0x34002d28                SchM_Exit_Port_PORT_EXCLUSIVE_AREA_27
 .mcal_text     0x34002d58      0x184 ./RTD/src/Siul2_Dio_Ip.o
                0x34002d8e                Siul2_Dio_Ip_WritePin
                0x34002de0                Siul2_Dio_Ip_WritePins
                0x34002df8                Siul2_Dio_Ip_GetPinsOutput
                0x34002e0e                Siul2_Dio_Ip_SetPins
                0x34002e2c                Siul2_Dio_Ip_ClearPins
                0x34002e4a                Siul2_Dio_Ip_TogglePins
                0x34002e68                Siul2_Dio_Ip_ReadPins
                0x34002e80                Siul2_Dio_Ip_ReadPin
                0x34002eb0                Siul2_Dio_Ip_MaskedWritePins
 .mcal_text     0x34002edc      0x36c ./RTD/src/Siul2_Port_Ip.o
                0x34002fb8                Siul2_Port_Ip_Init
                0x34002fe4                Siul2_Port_Ip_SetPullSel
                0x34003026                Siul2_Port_Ip_SetOutputBuffer
                0x34003076                Siul2_Port_Ip_SetInputBuffer
                0x340030da                Siul2_Port_Ip_SetPinDirection
                0x3400313c                Siul2_Port_Ip_RevertPinConfiguration
                0x34003198                Siul2_Port_Ip_GetPinConfiguration
                0x34003248                . = ALIGN (0x4)
 *(.init)
                0x34003248                . = ALIGN (0x4)
 *(.fini)
                0x34003248                . = ALIGN (0x4)
 *(.rodata)
 .rodata        0x34003248       0x60 ./Project_Settings/Startup_Code/system.o
 .rodata        0x340032a8       0x14 ./board/dcd_config.o
                0x340032a8                dcd_commands
 .rodata        0x340032bc      0x100 ./board/ivt_config.o
                0x340032bc                ivt_binary
 .rodata        0x340033bc      0x200 ./board/quadspi_config.o
                0x340033bc                quadspi_binary
 *(.rodata*)
                0x340035bc                . = ALIGN (0x4)
 *(.mcal_const_cfg)
 .mcal_const_cfg
                0x340035bc       0x6c ./board/Siul2_Port_Ip_Cfg.o
                0x340035bc                g_pin_mux_InitConfigArr0
 .mcal_const_cfg
                0x34003628      0x734 ./generate/src/Clock_Ip_BOARD_InitPeripherals_PBcfg.o
                0x34003628                Mcu_aClockConfigPB
                0x34003d5c                . = ALIGN (0x4)
 *(.mcal_const)
 .mcal_const    0x34003d5c     0x1269 ./RTD/src/Clock_Ip_Data.o
                0x34003d5c                Clock_Ip_axGateInfo
                0x34003d8c                Clock_Ip_axFeatureExtensions
                0x34003f6c                Clock_Ip_aeHwDfsName
                0x34003f9c                Clock_Ip_aeHwPllName
                0x34003fac                Clock_Ip_aeSourceTypeClockName
                0x340040dc                Clock_Ip_apxMcMeTriggerPartitions
                0x340040ec                Clock_Ip_apxMcMeGetPartitions
                0x340040fc                Clock_Ip_apxMcMeSetPartitions
                0x3400410c                Clock_Ip_axCmuInfo
                0x3400444c                Clock_Ip_aeCmuNames
                0x340044b8                Clock_Ip_apxCmu
                0x34004524                Clock_Ip_apxDfs
                0x3400452c                Clock_Ip_pxPll
                0x3400453c                Clock_Ip_apxXosc
                0x34004540                Clock_Ip_apxCgmPcfs
                0x34004558                Clock_Ip_apxCgm
                0x340046f0                Clock_Ip_au16SelectorEntryRtcHardwareValue
                0x34004786                Clock_Ip_au16SelectorEntryHardwareValue
                0x340048f0                Clock_Ip_au8ClockFeatures
                0x34004f4d                Clock_Ip_au8CmuCallbackIndex
                0x34004f59                Clock_Ip_au8PcfsCallbackIndex
                0x34004f65                Clock_Ip_au8SelectorCallbackIndex
                0x34004f71                Clock_Ip_au8PllCallbackIndex
                0x34004f7d                Clock_Ip_au8FractionalDividerCallbackIndex
                0x34004f89                Clock_Ip_au8GateCallbackIndex
                0x34004f95                Clock_Ip_au8IrcoscCallbackIndex
                0x34004fa1                Clock_Ip_au8XoscCallbackIndex
                0x34004fad                Clock_Ip_au8DividerTriggerCallbackIndex
                0x34004fb9                Clock_Ip_au8DividerCallbackIndex
 *fill*         0x34004fc5        0x3 
 .mcal_const    0x34004fc8       0x10 ./RTD/src/Clock_Ip_Divider.o
                0x34004fc8                Clock_Ip_axDividerCallbacks
 .mcal_const    0x34004fd8        0x8 ./RTD/src/Clock_Ip_DividerTrigger.o
                0x34004fd8                Clock_Ip_axDividerTriggerCallbacks
 .mcal_const    0x34004fe0       0x28 ./RTD/src/Clock_Ip_ExtOsc.o
                0x34004fe0                Clock_Ip_axExtOscCallbacks
 .mcal_const    0x34005008       0x18 ./RTD/src/Clock_Ip_FracDiv.o
                0x34005008                Clock_Ip_axFracDivCallbacks
 .mcal_const    0x34005020       0x10 ./RTD/src/Clock_Ip_Gate.o
                0x34005020                Clock_Ip_axGateCallbacks
 .mcal_const    0x34005030        0xc ./RTD/src/Clock_Ip_IntOsc.o
                0x34005030                Clock_Ip_axIntOscCallbacks
 .mcal_const    0x3400503c       0x30 ./RTD/src/Clock_Ip_Monitor.o
                0x3400503c                Clock_Ip_axCmuCallbacks
 .mcal_const    0x3400506c       0x3c ./RTD/src/Clock_Ip_Pll.o
                0x3400506c                Clock_Ip_axPllCallbacks
 .mcal_const    0x340050a8        0x8 ./RTD/src/Clock_Ip_ProgFreqSwitch.o
                0x340050a8                Clock_Ip_axPcfsCallbacks
 .mcal_const    0x340050b0       0x30 ./RTD/src/Clock_Ip_Selector.o
                0x340050b0                Clock_Ip_axSelectorCallbacks
 .mcal_const    0x340050e0        0x8 ./RTD/src/Siul2_Port_Ip.o
                0x340050e0                Port_au32Siul2BaseAddr
                0x340050e8                . = ALIGN (0x4)
                0x340050e8                __init_table = .
 *(.init_table)
 .init_table    0x340050e8       0x34 ./Project_Settings/Startup_Code/startup_cm7.o
                0x3400511c                . = ALIGN (0x4)
                0x3400511c                __zero_table = .
 *(.zero_table)
 .zero_table    0x3400511c       0x1c ./Project_Settings/Startup_Code/startup_cm7.o
                0x34005138                . = ALIGN (0x4)
 *(.acfls_code_rom)
                0x34005138                . = ALIGN (0x4)
 *(.aceep_code_rom)
                0x34005138                . = ALIGN (0x4)
 *(.acmcu_code_rom)
                0x34005138                . = ALIGN (0x4)
 *(.ramcode)
                0x34005138                . = ALIGN (0x4)
 *(.data)
 .data          0x34005138        0x0 ./Project_Settings/Startup_Code/Vector_Table.o
 .data          0x34005138        0x0 ./Project_Settings/Startup_Code/exceptions.o
 .data          0x34005138        0x0 ./Project_Settings/Startup_Code/nvic.o
 .data          0x34005138        0x0 ./Project_Settings/Startup_Code/startup.o
 .data          0x34005138        0x0 ./Project_Settings/Startup_Code/startup_cm7.o
 .data          0x34005138        0x0 ./Project_Settings/Startup_Code/system.o
 .data          0x34005138        0x0 ./RTD/src/Clock_Ip.o
 .data          0x34005138        0x0 ./RTD/src/Clock_Ip_Data.o
 .data          0x34005138        0x0 ./RTD/src/Clock_Ip_Data1.o
 .data          0x34005138        0x0 ./RTD/src/Clock_Ip_Data2.o
 .data          0x34005138        0x0 ./RTD/src/Clock_Ip_Divider.o
 .data          0x34005138        0x0 ./RTD/src/Clock_Ip_DividerTrigger.o
 .data          0x34005138        0x0 ./RTD/src/Clock_Ip_ExtOsc.o
 .data          0x34005138        0x0 ./RTD/src/Clock_Ip_FracDiv.o
 .data          0x34005138        0x0 ./RTD/src/Clock_Ip_Frequency.o
 .data          0x34005138        0x0 ./RTD/src/Clock_Ip_Frequency1.o
 .data          0x34005138        0x0 ./RTD/src/Clock_Ip_Frequency2.o
 .data          0x34005138        0x0 ./RTD/src/Clock_Ip_Gate.o
 .data          0x34005138        0x0 ./RTD/src/Clock_Ip_IntOsc.o
 .data          0x34005138        0x0 ./RTD/src/Clock_Ip_Irq.o
 .data          0x34005138        0x0 ./RTD/src/Clock_Ip_Monitor.o
 .data          0x34005138        0x0 ./RTD/src/Clock_Ip_Pll.o
 .data          0x34005138        0x0 ./RTD/src/Clock_Ip_ProgFreqSwitch.o
 .data          0x34005138        0x0 ./RTD/src/Clock_Ip_Selector.o
 .data          0x34005138        0x0 ./RTD/src/Clock_Ip_Specific.o
 .data          0x34005138        0x0 ./RTD/src/Clock_Ip_Specific1.o
 .data          0x34005138        0x0 ./RTD/src/Clock_Ip_Specific2.o
 .data          0x34005138        0x0 ./RTD/src/Det.o
 .data          0x34005138        0x0 ./RTD/src/Det_stub.o
 .data          0x34005138        0x0 ./RTD/src/OsIf_Interrupts.o
 .data          0x34005138        0x0 ./RTD/src/OsIf_Timer.o
 .data          0x34005138        0x0 ./RTD/src/OsIf_Timer_System.o
 .data          0x34005138        0x0 ./RTD/src/OsIf_Timer_System_Internal_GenericTimer.o
 .data          0x34005138        0x0 ./RTD/src/OsIf_Timer_System_Internal_Systick.o
 .data          0x34005138        0x0 ./RTD/src/SchM_Dio.o
 .data          0x34005138        0x0 ./RTD/src/SchM_Mcu.o
 .data          0x34005138        0x0 ./RTD/src/SchM_Port.o
 .data          0x34005138        0x0 ./RTD/src/Siul2_Dio_Ip.o
 .data          0x34005138        0x0 ./RTD/src/Siul2_Port_Ip.o
 .data          0x34005138        0x0 ./board/Siul2_Port_Ip_Cfg.o
 .data          0x34005138        0x0 ./board/dcd_config.o
 .data          0x34005138        0x0 ./board/ivt_config.o
 .data          0x34005138        0x0 ./board/quadspi_config.o
 .data          0x34005138        0x0 ./generate/src/Clock_Ip_BOARD_InitPeripherals_PBcfg.o
 .data          0x34005138        0x0 ./generate/src/Clock_Ip_Cfg.o
 .data          0x34005138        0x0 ./generate/src/OsIf_Cfg.o
 .data          0x34005138        0x0 ./src/main.o
 *(.data*)
                0x34005138                . = ALIGN (0x4)
 *(.mcal_data)
 .mcal_data     0x34005138        0x4 ./RTD/src/Clock_Ip.o
 .mcal_data     0x3400513c        0x8 ./RTD/src/Siul2_Dio_Ip.o
                0x3400513c                Siul2_Dio_Ip_au32BaseAdresses
                0x34005150                . = ALIGN (0x10)
 *fill*         0x34005144        0xc 
                0x34005150                __sram_bss_start = .
 *(.bss)
 .bss           0x34005150        0x0 ./Project_Settings/Startup_Code/Vector_Table.o
 .bss           0x34005150        0x0 ./Project_Settings/Startup_Code/exceptions.o
 .bss           0x34005150        0x0 ./Project_Settings/Startup_Code/nvic.o
 .bss           0x34005150        0x0 ./Project_Settings/Startup_Code/startup.o
 .bss           0x34005150        0x0 ./Project_Settings/Startup_Code/startup_cm7.o
 .bss           0x34005150        0x0 ./Project_Settings/Startup_Code/system.o
 .bss           0x34005150        0x1 ./RTD/src/Clock_Ip.o
 .bss           0x34005151        0x0 ./RTD/src/Clock_Ip_Data.o
 .bss           0x34005151        0x0 ./RTD/src/Clock_Ip_Data1.o
 .bss           0x34005151        0x0 ./RTD/src/Clock_Ip_Data2.o
 .bss           0x34005151        0x0 ./RTD/src/Clock_Ip_Divider.o
 .bss           0x34005151        0x0 ./RTD/src/Clock_Ip_DividerTrigger.o
 .bss           0x34005151        0x0 ./RTD/src/Clock_Ip_ExtOsc.o
 .bss           0x34005151        0x0 ./RTD/src/Clock_Ip_FracDiv.o
 .bss           0x34005151        0x0 ./RTD/src/Clock_Ip_Frequency.o
 .bss           0x34005151        0x0 ./RTD/src/Clock_Ip_Frequency1.o
 .bss           0x34005151        0x0 ./RTD/src/Clock_Ip_Frequency2.o
 .bss           0x34005151        0x0 ./RTD/src/Clock_Ip_Gate.o
 .bss           0x34005151        0x0 ./RTD/src/Clock_Ip_IntOsc.o
 .bss           0x34005151        0x0 ./RTD/src/Clock_Ip_Irq.o
 *fill*         0x34005151        0x3 
 .bss           0x34005154       0xd0 ./RTD/src/Clock_Ip_Monitor.o
 .bss           0x34005224        0x0 ./RTD/src/Clock_Ip_Pll.o
 .bss           0x34005224       0xd0 ./RTD/src/Clock_Ip_ProgFreqSwitch.o
 .bss           0x340052f4        0x0 ./RTD/src/Clock_Ip_Selector.o
 .bss           0x340052f4        0x0 ./RTD/src/Clock_Ip_Specific.o
 .bss           0x340052f4        0x0 ./RTD/src/Clock_Ip_Specific1.o
 .bss           0x340052f4        0x0 ./RTD/src/Clock_Ip_Specific2.o
 .bss           0x340052f4        0x0 ./RTD/src/Det.o
 .bss           0x340052f4        0x0 ./RTD/src/Det_stub.o
 .bss           0x340052f4        0x0 ./RTD/src/OsIf_Interrupts.o
 .bss           0x340052f4        0x0 ./RTD/src/OsIf_Timer.o
 .bss           0x340052f4        0x0 ./RTD/src/OsIf_Timer_System.o
 .bss           0x340052f4        0x0 ./RTD/src/OsIf_Timer_System_Internal_GenericTimer.o
 .bss           0x340052f4        0x0 ./RTD/src/OsIf_Timer_System_Internal_Systick.o
 .bss           0x340052f4        0x0 ./RTD/src/SchM_Dio.o
 .bss           0x340052f4        0x0 ./RTD/src/SchM_Mcu.o
 .bss           0x340052f4        0x0 ./RTD/src/SchM_Port.o
 .bss           0x340052f4        0x0 ./RTD/src/Siul2_Dio_Ip.o
 .bss           0x340052f4        0x0 ./RTD/src/Siul2_Port_Ip.o
 .bss           0x340052f4        0x0 ./board/Siul2_Port_Ip_Cfg.o
 .bss           0x340052f4        0x0 ./board/dcd_config.o
 .bss           0x340052f4        0x0 ./board/ivt_config.o
 .bss           0x340052f4        0x0 ./board/quadspi_config.o
 .bss           0x340052f4        0x0 ./generate/src/Clock_Ip_BOARD_InitPeripherals_PBcfg.o
 .bss           0x340052f4        0x0 ./generate/src/Clock_Ip_Cfg.o
 .bss           0x340052f4        0x0 ./generate/src/OsIf_Cfg.o
 .bss           0x340052f4        0x4 ./src/main.o
                0x340052f4                exit_code
 *(.bss*)
                0x34005300                . = ALIGN (0x10)
 *fill*         0x340052f8        0x8 
 *(.mcal_bss)
 .mcal_bss      0x34005300        0x4 ./Project_Settings/Startup_Code/system.o
                0x34005300                RESET_CATCH_CORE
 .mcal_bss      0x34005304        0x9 ./RTD/src/Clock_Ip.o
                0x34005308                Clock_Ip_pxConfig
 *fill*         0x3400530d        0x3 
 .mcal_bss      0x34005310        0x8 ./RTD/src/Siul2_Port_Ip.o
                0x34005318                . = ALIGN (0x4)
                0x34005318                __sram_bss_end = .
                0x34005318                . = ALIGN (0x4)
                0x34005318                __sram_shareable_rom = .

.non_cacheable  0x34206000    0x3a000
                0x34206000                . = ALIGN (0x4)
 *(.int_results)
                0x34206100                . = (. + 0x100)
 *fill*         0x34206000      0x100 
                0x34207000                . = ALIGN (0x1000)
 *fill*         0x34206100      0xf00 
                0x34207000                __interrupts_ram_start = .
 *(.intc_vector)
 .intc_vector   0x34207000      0x408 ./Project_Settings/Startup_Code/Vector_Table.o
                0x34207000                VTABLE
                0x34207408                . = ALIGN (0x4)
                0x34207408                __interrupts_ram_end = .
                0x34207410                . = ALIGN (0x10)
 *fill*         0x34207408        0x8 
                0x34207410                __non_cacheable_bss_start = .
 *(.mcal_bss_no_cacheable)
 .mcal_bss_no_cacheable
                0x34207410       0x96 ./RTD/src/Det.o
                0x34207410                Det_TransientModuleId
                0x34207424                Det_ApiId
                0x3420742e                Det_TransientInstanceId
                0x34207438                Det_ErrorId
                0x34207442                Det_TransientApiId
                0x3420744c                Det_RuntimeModuleId
                0x34207460                Det_TransientFaultId
                0x3420746a                Det_RuntimeInstanceId
                0x34207474                Det_RuntimeApiId
                0x3420747e                Det_ModuleId
                0x34207492                Det_RuntimeErrorId
                0x3420749c                Det_InstanceId
 *fill*         0x342074a6        0x2 
 .mcal_bss_no_cacheable
                0x342074a8       0x70 ./RTD/src/SchM_Dio.o
 .mcal_bss_no_cacheable
                0x34207518       0xa8 ./RTD/src/SchM_Mcu.o
 .mcal_bss_no_cacheable
                0x342075c0      0x620 ./RTD/src/SchM_Port.o
                0x34207be0                . = ALIGN (0x4)
                0x34207be0                __non_cacheable_bss_end = .
                0x34207be0                . = ALIGN (0x4)
 *(.mcal_data_no_cacheable)
                0x34207be0                . = ALIGN (0x4)
 *(.mcal_const_no_cacheable)
                0x34207be0                HSE_LOOP_ADDR = .
                0x34207be0        0x4 LONG 0x0
                0x34240000                . = ALIGN (0x40000)
 *fill*         0x34207be4    0x3841c 
 *(.pfe_bmu_mem)
                0x34240000                . = ALIGN (0x4)
 *(.pfe_bd_mem)
                0x34240000                . = ALIGN (0x4)
 *(.pfe_buf_mem)

.glue_7         0x34240000        0x0
 .glue_7        0x34240000        0x0 linker stubs

.glue_7t        0x34240000        0x0
 .glue_7t       0x34240000        0x0 linker stubs

.vfp11_veneer   0x34240000        0x0
 .vfp11_veneer  0x34240000        0x0 linker stubs

.v4_bx          0x34240000        0x0
 .v4_bx         0x34240000        0x0 linker stubs

.iplt           0x34240000        0x0
 .iplt          0x34240000        0x0 ./Project_Settings/Startup_Code/Vector_Table.o

.igot.plt       0x34240000        0x0
 .igot.plt      0x34240000        0x0 ./Project_Settings/Startup_Code/Vector_Table.o

.rel.dyn        0x34240000        0x0
 .rel.iplt      0x34240000        0x0 ./Project_Settings/Startup_Code/Vector_Table.o

.heap           0x34240000     0x3000
                0x00000000                . = (. + ALIGN (0x4))
                0x34240000                _end = .
                0x34240000                end = .
                0x34240000                _heap_start = .
                0x00003000                . = (. + HEAP_SIZE)
 *fill*         0x34240000     0x3000 
                0x34243000                _heap_end = .

.llce_boot_end  0x4383c8a0        0x0
                0x4383c8a0                . = ALIGN (0x4)
 *(.llce_boot_end)

.can_43_llce_sharedmemory
                0x43800000        0x0
                0x43800000                . = ALIGN (0x4)
 *(.can_43_llce_sharedmemory)

.lin_43_llce_sharedmemory
                0x4383c800        0x0
                0x4383c800                . = ALIGN (0x4)
 *(.lin_43_llce_sharedmemory)

.llce_meas_sharedmemory
                0x4384ffdf        0x1
                0x4384ffe0                . = ALIGN (0x4)
 *fill*         0x4384ffdf        0x1 
 *(.llce_meas_sharedmemory)

.shareable_ram_bss
                0x22c00000        0x0
                0x22c00000                . = ALIGN (0x10)
                0x22c00000                __shareable_bss_start = .
 *(.mcal_shared_bss)
                0x22c00000                . = ALIGN (0x4)
                0x22c00000                __shareable_bss_end = .

.shareable_ram_data
                0x22c00000        0x0 load address 0x34005318
                0x22c00000                . = ALIGN (0x10)
                0x22c00000                __shareable_data_start = .
 *(.mcal_shared_data)
                0x22c00000                . = ALIGN (0x4)
                0x22c00000                __shareable_data_end = .
                0x34005318                __sram_shareable_rom_end = (__sram_shareable_rom + (__shareable_data_end - __shareable_data_start))
                0x34200000                __Stack_end_c0 = ORIGIN (int_sram_stack_c0)
                0x34202000                __Stack_start_c0 = (ORIGIN (int_sram_stack_c0) + LENGTH (int_sram_stack_c0))
                0x34202000                __Stack_end_c1 = ORIGIN (int_sram_stack_c1)
                0x34204000                __Stack_start_c1 = (ORIGIN (int_sram_stack_c1) + LENGTH (int_sram_stack_c1))
                0x34204000                __Stack_end_c2 = ORIGIN (int_sram_stack_c2)
                0x34206000                __Stack_start_c2 = (ORIGIN (int_sram_stack_c2) + LENGTH (int_sram_stack_c2))
                0x00000000                __Stack_end_c3 = 0x0
                0x00000000                __Stack_start_c3 = 0x0
                0x34000000                __INT_SRAM_START = ORIGIN (int_sram)
                0x34800000                __INT_SRAM_END = ORIGIN (ram_rsvd2)
                0x00000000                __INT_ITCM_START = ORIGIN (int_itcm)
                0x00000000                __INT_ITCM_END = (ORIGIN (int_itcm) + LENGTH (int_itcm))
                0x20000000                __INT_DTCM_START = ORIGIN (int_dtcm)
                0x20010000                __INT_DTCM_END = (ORIGIN (int_dtcm) + LENGTH (int_dtcm))
                0x22c00000                __RAM_SHAREABLE_START = ORIGIN (int_sram_shareable)
                0x22c03fff                __RAM_SHAREABLE_END = ((ORIGIN (int_sram_shareable) + LENGTH (int_sram_shareable)) - 0x1)
                0x34005318                __ROM_SHAREABLE_START = __sram_shareable_rom
                0x34005318                __ROM_SHAREABLE_END = __sram_shareable_rom_end
                0x34206000                __RAM_NO_CACHEABLE_START = ORIGIN (int_sram_no_cacheable)
                0x34305fff                __RAM_NO_CACHEABLE_END = ((ORIGIN (int_sram_no_cacheable) + LENGTH (int_sram_no_cacheable)) - 0x1)
                0x00000000                __ROM_NO_CACHEABLE_START = 0x0
                0x00000000                __ROM_NO_CACHEABLE_END = 0x0
                0x34000000                __RAM_CACHEABLE_START = ORIGIN (int_sram)
                0x341fffff                __RAM_CACHEABLE_END = ((ORIGIN (int_sram) + LENGTH (int_sram)) - 0x1)
                0x00000000                __ROM_CACHEABLE_START = 0x0
                0x00000000                __ROM_CACHEABLE_END = 0x0
                0x34005150                __BSS_SRAM_START = __sram_bss_start
                0x34005318                __BSS_SRAM_END = __sram_bss_end
                0x000001c8                __BSS_SRAM_SIZE = (__sram_bss_end - __sram_bss_start)
                0x34207410                __BSS_SRAM_NC_START = __non_cacheable_bss_start
                0x000007d0                __BSS_SRAM_NC_SIZE = (__non_cacheable_bss_end - __non_cacheable_bss_start)
                0x34207be0                __BSS_SRAM_NC_END = __non_cacheable_bss_end
                0x22c00000                __BSS_SRAM_SH_START = __shareable_bss_start
                0x00000000                __BSS_SRAM_SH_SIZE = (__shareable_bss_end - __shareable_bss_start)
                0x22c00000                __BSS_SRAM_SH_END = __shareable_bss_end
                0x34207000                __RAM_INTERRUPT_START = __interrupts_ram_start
                0x00000000                __ROM_INTERRUPT_START = 0x0
                0x00000000                __ROM_INTERRUPT_END = 0x0
                0x340050e8                __INIT_TABLE = __init_table
                0x3400511c                __ZERO_TABLE = __zero_table
                0x00000000                __RAM_INIT = 0x0
                0x00000000                __ITCM_INIT = 0x0
                0x00000001                __DTCM_INIT = 0x1

/DISCARD/
 *(.boot_header)
OUTPUT(blu_LED_from_SD_M7_0.elf elf32-littlearm)

.ARM.attributes
                0x00000000       0x30
 .ARM.attributes
                0x00000000       0x20 ./Project_Settings/Startup_Code/Vector_Table.o
 .ARM.attributes
                0x00000020       0x34 ./Project_Settings/Startup_Code/exceptions.o
 .ARM.attributes
                0x00000054       0x34 ./Project_Settings/Startup_Code/nvic.o
 .ARM.attributes
                0x00000088       0x34 ./Project_Settings/Startup_Code/startup.o
 .ARM.attributes
                0x000000bc       0x1f ./Project_Settings/Startup_Code/startup_cm7.o
 .ARM.attributes
                0x000000db       0x34 ./Project_Settings/Startup_Code/system.o
 .ARM.attributes
                0x0000010f       0x34 ./RTD/src/Clock_Ip.o
 .ARM.attributes
                0x00000143       0x39 ./RTD/src/Clock_Ip_Data.o
 .ARM.attributes
                0x0000017c       0x39 ./RTD/src/Clock_Ip_Data1.o
 .ARM.attributes
                0x000001b5       0x39 ./RTD/src/Clock_Ip_Data2.o
 .ARM.attributes
                0x000001ee       0x34 ./RTD/src/Clock_Ip_Divider.o
 .ARM.attributes
                0x00000222       0x34 ./RTD/src/Clock_Ip_DividerTrigger.o
 .ARM.attributes
                0x00000256       0x34 ./RTD/src/Clock_Ip_ExtOsc.o
 .ARM.attributes
                0x0000028a       0x34 ./RTD/src/Clock_Ip_FracDiv.o
 .ARM.attributes
                0x000002be       0x39 ./RTD/src/Clock_Ip_Frequency.o
 .ARM.attributes
                0x000002f7       0x39 ./RTD/src/Clock_Ip_Frequency1.o
 .ARM.attributes
                0x00000330       0x39 ./RTD/src/Clock_Ip_Frequency2.o
 .ARM.attributes
                0x00000369       0x34 ./RTD/src/Clock_Ip_Gate.o
 .ARM.attributes
                0x0000039d       0x34 ./RTD/src/Clock_Ip_IntOsc.o
 .ARM.attributes
                0x000003d1       0x34 ./RTD/src/Clock_Ip_Irq.o
 .ARM.attributes
                0x00000405       0x34 ./RTD/src/Clock_Ip_Monitor.o
 .ARM.attributes
                0x00000439       0x34 ./RTD/src/Clock_Ip_Pll.o
 .ARM.attributes
                0x0000046d       0x34 ./RTD/src/Clock_Ip_ProgFreqSwitch.o
 .ARM.attributes
                0x000004a1       0x34 ./RTD/src/Clock_Ip_Selector.o
 .ARM.attributes
                0x000004d5       0x34 ./RTD/src/Clock_Ip_Specific.o
 .ARM.attributes
                0x00000509       0x39 ./RTD/src/Clock_Ip_Specific1.o
 .ARM.attributes
                0x00000542       0x39 ./RTD/src/Clock_Ip_Specific2.o
 .ARM.attributes
                0x0000057b       0x34 ./RTD/src/Det.o
 .ARM.attributes
                0x000005af       0x34 ./RTD/src/Det_stub.o
 .ARM.attributes
                0x000005e3       0x39 ./RTD/src/OsIf_Interrupts.o
 .ARM.attributes
                0x0000061c       0x34 ./RTD/src/OsIf_Timer.o
 .ARM.attributes
                0x00000650       0x39 ./RTD/src/OsIf_Timer_System.o
 .ARM.attributes
                0x00000689       0x39 ./RTD/src/OsIf_Timer_System_Internal_GenericTimer.o
 .ARM.attributes
                0x000006c2       0x34 ./RTD/src/OsIf_Timer_System_Internal_Systick.o
 .ARM.attributes
                0x000006f6       0x34 ./RTD/src/SchM_Dio.o
 .ARM.attributes
                0x0000072a       0x34 ./RTD/src/SchM_Mcu.o
 .ARM.attributes
                0x0000075e       0x34 ./RTD/src/SchM_Port.o
 .ARM.attributes
                0x00000792       0x34 ./RTD/src/Siul2_Dio_Ip.o
 .ARM.attributes
                0x000007c6       0x34 ./RTD/src/Siul2_Port_Ip.o
 .ARM.attributes
                0x000007fa       0x39 ./board/Siul2_Port_Ip_Cfg.o
 .ARM.attributes
                0x00000833       0x39 ./board/dcd_config.o
 .ARM.attributes
                0x0000086c       0x39 ./board/ivt_config.o
 .ARM.attributes
                0x000008a5       0x39 ./board/quadspi_config.o
 .ARM.attributes
                0x000008de       0x39 ./generate/src/Clock_Ip_BOARD_InitPeripherals_PBcfg.o
 .ARM.attributes
                0x00000917       0x39 ./generate/src/Clock_Ip_Cfg.o
 .ARM.attributes
                0x00000950       0x39 ./generate/src/OsIf_Cfg.o
 .ARM.attributes
                0x00000989       0x34 ./src/main.o

.comment        0x00000000       0x80
 .comment       0x00000000       0x80 ./Project_Settings/Startup_Code/exceptions.o
                                 0x81 (size before relaxing)
 .comment       0x00000080       0x81 ./Project_Settings/Startup_Code/nvic.o
 .comment       0x00000080       0x81 ./Project_Settings/Startup_Code/startup.o
 .comment       0x00000080       0x81 ./Project_Settings/Startup_Code/system.o
 .comment       0x00000080       0x81 ./RTD/src/Clock_Ip.o
 .comment       0x00000080       0x81 ./RTD/src/Clock_Ip_Data.o
 .comment       0x00000080       0x81 ./RTD/src/Clock_Ip_Data1.o
 .comment       0x00000080       0x81 ./RTD/src/Clock_Ip_Data2.o
 .comment       0x00000080       0x81 ./RTD/src/Clock_Ip_Divider.o
 .comment       0x00000080       0x81 ./RTD/src/Clock_Ip_DividerTrigger.o
 .comment       0x00000080       0x81 ./RTD/src/Clock_Ip_ExtOsc.o
 .comment       0x00000080       0x81 ./RTD/src/Clock_Ip_FracDiv.o
 .comment       0x00000080       0x81 ./RTD/src/Clock_Ip_Frequency.o
 .comment       0x00000080       0x81 ./RTD/src/Clock_Ip_Frequency1.o
 .comment       0x00000080       0x81 ./RTD/src/Clock_Ip_Frequency2.o
 .comment       0x00000080       0x81 ./RTD/src/Clock_Ip_Gate.o
 .comment       0x00000080       0x81 ./RTD/src/Clock_Ip_IntOsc.o
 .comment       0x00000080       0x81 ./RTD/src/Clock_Ip_Irq.o
 .comment       0x00000080       0x81 ./RTD/src/Clock_Ip_Monitor.o
 .comment       0x00000080       0x81 ./RTD/src/Clock_Ip_Pll.o
 .comment       0x00000080       0x81 ./RTD/src/Clock_Ip_ProgFreqSwitch.o
 .comment       0x00000080       0x81 ./RTD/src/Clock_Ip_Selector.o
 .comment       0x00000080       0x81 ./RTD/src/Clock_Ip_Specific.o
 .comment       0x00000080       0x81 ./RTD/src/Clock_Ip_Specific1.o
 .comment       0x00000080       0x81 ./RTD/src/Clock_Ip_Specific2.o
 .comment       0x00000080       0x81 ./RTD/src/Det.o
 .comment       0x00000080       0x81 ./RTD/src/Det_stub.o
 .comment       0x00000080       0x81 ./RTD/src/OsIf_Interrupts.o
 .comment       0x00000080       0x81 ./RTD/src/OsIf_Timer.o
 .comment       0x00000080       0x81 ./RTD/src/OsIf_Timer_System.o
 .comment       0x00000080       0x81 ./RTD/src/OsIf_Timer_System_Internal_GenericTimer.o
 .comment       0x00000080       0x81 ./RTD/src/OsIf_Timer_System_Internal_Systick.o
 .comment       0x00000080       0x81 ./RTD/src/SchM_Dio.o
 .comment       0x00000080       0x81 ./RTD/src/SchM_Mcu.o
 .comment       0x00000080       0x81 ./RTD/src/SchM_Port.o
 .comment       0x00000080       0x81 ./RTD/src/Siul2_Dio_Ip.o
 .comment       0x00000080       0x81 ./RTD/src/Siul2_Port_Ip.o
 .comment       0x00000080       0x81 ./board/Siul2_Port_Ip_Cfg.o
 .comment       0x00000080       0x81 ./board/dcd_config.o
 .comment       0x00000080       0x81 ./board/ivt_config.o
 .comment       0x00000080       0x81 ./board/quadspi_config.o
 .comment       0x00000080       0x81 ./generate/src/Clock_Ip_BOARD_InitPeripherals_PBcfg.o
 .comment       0x00000080       0x81 ./generate/src/Clock_Ip_Cfg.o
 .comment       0x00000080       0x81 ./generate/src/OsIf_Cfg.o
 .comment       0x00000080       0x81 ./src/main.o

.debug_info     0x00000000    0x3b39a
 .debug_info    0x00000000      0x139 ./Project_Settings/Startup_Code/exceptions.o
 .debug_info    0x00000139      0x76a ./Project_Settings/Startup_Code/nvic.o
 .debug_info    0x000008a3      0x255 ./Project_Settings/Startup_Code/startup.o
 .debug_info    0x00000af8       0x22 ./Project_Settings/Startup_Code/startup_cm7.o
 .debug_info    0x00000b1a     0x1313 ./Project_Settings/Startup_Code/system.o
 .debug_info    0x00001e2d     0x2768 ./RTD/src/Clock_Ip.o
 .debug_info    0x00004595     0x2c7d ./RTD/src/Clock_Ip_Data.o
 .debug_info    0x00007212     0x1d33 ./RTD/src/Clock_Ip_Data1.o
 .debug_info    0x00008f45     0x1d33 ./RTD/src/Clock_Ip_Data2.o
 .debug_info    0x0000ac78     0x1fde ./RTD/src/Clock_Ip_Divider.o
 .debug_info    0x0000cc56     0x1d6a ./RTD/src/Clock_Ip_DividerTrigger.o
 .debug_info    0x0000e9c0     0x201a ./RTD/src/Clock_Ip_ExtOsc.o
 .debug_info    0x000109da     0x1fe0 ./RTD/src/Clock_Ip_FracDiv.o
 .debug_info    0x000129ba     0x1d33 ./RTD/src/Clock_Ip_Frequency.o
 .debug_info    0x000146ed     0x1d33 ./RTD/src/Clock_Ip_Frequency1.o
 .debug_info    0x00016420     0x1d33 ./RTD/src/Clock_Ip_Frequency2.o
 .debug_info    0x00018153     0x1fe5 ./RTD/src/Clock_Ip_Gate.o
 .debug_info    0x0001a138     0x1d8f ./RTD/src/Clock_Ip_IntOsc.o
 .debug_info    0x0001bec7     0x1d68 ./RTD/src/Clock_Ip_Irq.o
 .debug_info    0x0001dc2f     0x233a ./RTD/src/Clock_Ip_Monitor.o
 .debug_info    0x0001ff69     0x2077 ./RTD/src/Clock_Ip_Pll.o
 .debug_info    0x00021fe0     0x1f5d ./RTD/src/Clock_Ip_ProgFreqSwitch.o
 .debug_info    0x00023f3d     0x269b ./RTD/src/Clock_Ip_Selector.o
 .debug_info    0x000265d8     0x2722 ./RTD/src/Clock_Ip_Specific.o
 .debug_info    0x00028cfa     0x1d33 ./RTD/src/Clock_Ip_Specific1.o
 .debug_info    0x0002aa2d     0x1d33 ./RTD/src/Clock_Ip_Specific2.o
 .debug_info    0x0002c760      0x420 ./RTD/src/Det.o
 .debug_info    0x0002cb80      0x471 ./RTD/src/Det_stub.o
 .debug_info    0x0002cff1       0x7d ./RTD/src/OsIf_Interrupts.o
 .debug_info    0x0002d06e      0x2c7 ./RTD/src/OsIf_Timer.o
 .debug_info    0x0002d335       0x7d ./RTD/src/OsIf_Timer_System.o
 .debug_info    0x0002d3b2       0x7d ./RTD/src/OsIf_Timer_System_Internal_GenericTimer.o
 .debug_info    0x0002d42f      0x196 ./RTD/src/OsIf_Timer_System_Internal_Systick.o
 .debug_info    0x0002d5c5      0x2ce ./RTD/src/SchM_Dio.o
 .debug_info    0x0002d893      0x39b ./RTD/src/SchM_Mcu.o
 .debug_info    0x0002dc2e     0x17a0 ./RTD/src/SchM_Port.o
 .debug_info    0x0002f3ce     0x1d64 ./RTD/src/Siul2_Dio_Ip.o
 .debug_info    0x00031132     0x2277 ./RTD/src/Siul2_Port_Ip.o
 .debug_info    0x000333a9     0x1af0 ./board/Siul2_Port_Ip_Cfg.o
 .debug_info    0x00034e99       0xac ./board/dcd_config.o
 .debug_info    0x00034f45       0xac ./board/ivt_config.o
 .debug_info    0x00034ff1       0xad ./board/quadspi_config.o
 .debug_info    0x0003509e     0x1d41 ./generate/src/Clock_Ip_BOARD_InitPeripherals_PBcfg.o
 .debug_info    0x00036ddf     0x1d33 ./generate/src/Clock_Ip_Cfg.o
 .debug_info    0x00038b12       0x7d ./generate/src/OsIf_Cfg.o
 .debug_info    0x00038b8f     0x280b ./src/main.o

.debug_abbrev   0x00000000     0x45fd
 .debug_abbrev  0x00000000       0x47 ./Project_Settings/Startup_Code/exceptions.o
 .debug_abbrev  0x00000047      0x102 ./Project_Settings/Startup_Code/nvic.o
 .debug_abbrev  0x00000149       0xf5 ./Project_Settings/Startup_Code/startup.o
 .debug_abbrev  0x0000023e       0x12 ./Project_Settings/Startup_Code/startup_cm7.o
 .debug_abbrev  0x00000250      0x261 ./Project_Settings/Startup_Code/system.o
 .debug_abbrev  0x000004b1      0x3f4 ./RTD/src/Clock_Ip.o
 .debug_abbrev  0x000008a5      0x19f ./RTD/src/Clock_Ip_Data.o
 .debug_abbrev  0x00000a44      0x167 ./RTD/src/Clock_Ip_Data1.o
 .debug_abbrev  0x00000bab      0x167 ./RTD/src/Clock_Ip_Data2.o
 .debug_abbrev  0x00000d12      0x224 ./RTD/src/Clock_Ip_Divider.o
 .debug_abbrev  0x00000f36      0x1a3 ./RTD/src/Clock_Ip_DividerTrigger.o
 .debug_abbrev  0x000010d9      0x273 ./RTD/src/Clock_Ip_ExtOsc.o
 .debug_abbrev  0x0000134c      0x240 ./RTD/src/Clock_Ip_FracDiv.o
 .debug_abbrev  0x0000158c      0x167 ./RTD/src/Clock_Ip_Frequency.o
 .debug_abbrev  0x000016f3      0x167 ./RTD/src/Clock_Ip_Frequency1.o
 .debug_abbrev  0x0000185a      0x167 ./RTD/src/Clock_Ip_Frequency2.o
 .debug_abbrev  0x000019c1      0x220 ./RTD/src/Clock_Ip_Gate.o
 .debug_abbrev  0x00001be1      0x1bd ./RTD/src/Clock_Ip_IntOsc.o
 .debug_abbrev  0x00001d9e      0x1a8 ./RTD/src/Clock_Ip_Irq.o
 .debug_abbrev  0x00001f46      0x394 ./RTD/src/Clock_Ip_Monitor.o
 .debug_abbrev  0x000022da      0x2d5 ./RTD/src/Clock_Ip_Pll.o
 .debug_abbrev  0x000025af      0x23c ./RTD/src/Clock_Ip_ProgFreqSwitch.o
 .debug_abbrev  0x000027eb      0x30d ./RTD/src/Clock_Ip_Selector.o
 .debug_abbrev  0x00002af8      0x297 ./RTD/src/Clock_Ip_Specific.o
 .debug_abbrev  0x00002d8f      0x167 ./RTD/src/Clock_Ip_Specific1.o
 .debug_abbrev  0x00002ef6      0x167 ./RTD/src/Clock_Ip_Specific2.o
 .debug_abbrev  0x0000305d      0x14e ./RTD/src/Det.o
 .debug_abbrev  0x000031ab       0xc5 ./RTD/src/Det_stub.o
 .debug_abbrev  0x00003270       0x29 ./RTD/src/OsIf_Interrupts.o
 .debug_abbrev  0x00003299      0x1a7 ./RTD/src/OsIf_Timer.o
 .debug_abbrev  0x00003440       0x29 ./RTD/src/OsIf_Timer_System.o
 .debug_abbrev  0x00003469       0x29 ./RTD/src/OsIf_Timer_System_Internal_GenericTimer.o
 .debug_abbrev  0x00003492      0x125 ./RTD/src/OsIf_Timer_System_Internal_Systick.o
 .debug_abbrev  0x000035b7      0x124 ./RTD/src/SchM_Dio.o
 .debug_abbrev  0x000036db      0x124 ./RTD/src/SchM_Mcu.o
 .debug_abbrev  0x000037ff      0x124 ./RTD/src/SchM_Port.o
 .debug_abbrev  0x00003923      0x298 ./RTD/src/Siul2_Dio_Ip.o
 .debug_abbrev  0x00003bbb      0x2f8 ./RTD/src/Siul2_Port_Ip.o
 .debug_abbrev  0x00003eb3      0x13d ./board/Siul2_Port_Ip_Cfg.o
 .debug_abbrev  0x00003ff0       0x64 ./board/dcd_config.o
 .debug_abbrev  0x00004054       0x64 ./board/ivt_config.o
 .debug_abbrev  0x000040b8       0x64 ./board/quadspi_config.o
 .debug_abbrev  0x0000411c      0x176 ./generate/src/Clock_Ip_BOARD_InitPeripherals_PBcfg.o
 .debug_abbrev  0x00004292      0x167 ./generate/src/Clock_Ip_Cfg.o
 .debug_abbrev  0x000043f9       0x29 ./generate/src/OsIf_Cfg.o
 .debug_abbrev  0x00004422      0x1db ./src/main.o

.debug_aranges  0x00000000      0xab8
 .debug_aranges
                0x00000000       0x68 ./Project_Settings/Startup_Code/exceptions.o
 .debug_aranges
                0x00000068       0x38 ./Project_Settings/Startup_Code/nvic.o
 .debug_aranges
                0x000000a0       0x20 ./Project_Settings/Startup_Code/startup.o
 .debug_aranges
                0x000000c0       0x28 ./Project_Settings/Startup_Code/startup_cm7.o
 .debug_aranges
                0x000000e8       0x40 ./Project_Settings/Startup_Code/system.o
 .debug_aranges
                0x00000128       0x90 ./RTD/src/Clock_Ip.o
 .debug_aranges
                0x000001b8       0x18 ./RTD/src/Clock_Ip_Data.o
 .debug_aranges
                0x000001d0       0x18 ./RTD/src/Clock_Ip_Data1.o
 .debug_aranges
                0x000001e8       0x18 ./RTD/src/Clock_Ip_Data2.o
 .debug_aranges
                0x00000200       0x38 ./RTD/src/Clock_Ip_Divider.o
 .debug_aranges
                0x00000238       0x20 ./RTD/src/Clock_Ip_DividerTrigger.o
 .debug_aranges
                0x00000258       0x50 ./RTD/src/Clock_Ip_ExtOsc.o
 .debug_aranges
                0x000002a8       0x40 ./RTD/src/Clock_Ip_FracDiv.o
 .debug_aranges
                0x000002e8       0x18 ./RTD/src/Clock_Ip_Frequency.o
 .debug_aranges
                0x00000300       0x18 ./RTD/src/Clock_Ip_Frequency1.o
 .debug_aranges
                0x00000318       0x18 ./RTD/src/Clock_Ip_Frequency2.o
 .debug_aranges
                0x00000330       0x38 ./RTD/src/Clock_Ip_Gate.o
 .debug_aranges
                0x00000368       0x28 ./RTD/src/Clock_Ip_IntOsc.o
 .debug_aranges
                0x00000390       0x20 ./RTD/src/Clock_Ip_Irq.o
 .debug_aranges
                0x000003b0       0x70 ./RTD/src/Clock_Ip_Monitor.o
 .debug_aranges
                0x00000420       0x58 ./RTD/src/Clock_Ip_Pll.o
 .debug_aranges
                0x00000478       0x28 ./RTD/src/Clock_Ip_ProgFreqSwitch.o
 .debug_aranges
                0x000004a0       0x70 ./RTD/src/Clock_Ip_Selector.o
 .debug_aranges
                0x00000510       0x40 ./RTD/src/Clock_Ip_Specific.o
 .debug_aranges
                0x00000550       0x18 ./RTD/src/Clock_Ip_Specific1.o
 .debug_aranges
                0x00000568       0x18 ./RTD/src/Clock_Ip_Specific2.o
 .debug_aranges
                0x00000580       0x38 ./RTD/src/Det.o
 .debug_aranges
                0x000005b8       0x48 ./RTD/src/Det_stub.o
 .debug_aranges
                0x00000600       0x18 ./RTD/src/OsIf_Interrupts.o
 .debug_aranges
                0x00000618       0x40 ./RTD/src/OsIf_Timer.o
 .debug_aranges
                0x00000658       0x18 ./RTD/src/OsIf_Timer_System.o
 .debug_aranges
                0x00000670       0x18 ./RTD/src/OsIf_Timer_System_Internal_GenericTimer.o
 .debug_aranges
                0x00000688       0x30 ./RTD/src/OsIf_Timer_System_Internal_Systick.o
 .debug_aranges
                0x000006b8       0x40 ./RTD/src/SchM_Dio.o
 .debug_aranges
                0x000006f8       0x50 ./RTD/src/SchM_Mcu.o
 .debug_aranges
                0x00000748      0x1e0 ./RTD/src/SchM_Port.o
 .debug_aranges
                0x00000928       0x70 ./RTD/src/Siul2_Dio_Ip.o
 .debug_aranges
                0x00000998       0x58 ./RTD/src/Siul2_Port_Ip.o
 .debug_aranges
                0x000009f0       0x18 ./board/Siul2_Port_Ip_Cfg.o
 .debug_aranges
                0x00000a08       0x18 ./board/dcd_config.o
 .debug_aranges
                0x00000a20       0x18 ./board/ivt_config.o
 .debug_aranges
                0x00000a38       0x18 ./board/quadspi_config.o
 .debug_aranges
                0x00000a50       0x18 ./generate/src/Clock_Ip_BOARD_InitPeripherals_PBcfg.o
 .debug_aranges
                0x00000a68       0x18 ./generate/src/Clock_Ip_Cfg.o
 .debug_aranges
                0x00000a80       0x18 ./generate/src/OsIf_Cfg.o
 .debug_aranges
                0x00000a98       0x20 ./src/main.o

.debug_ranges   0x00000000      0x7d0
 .debug_ranges  0x00000000       0x58 ./Project_Settings/Startup_Code/exceptions.o
 .debug_ranges  0x00000058       0x28 ./Project_Settings/Startup_Code/nvic.o
 .debug_ranges  0x00000080       0x10 ./Project_Settings/Startup_Code/startup.o
 .debug_ranges  0x00000090       0x20 ./Project_Settings/Startup_Code/startup_cm7.o
 .debug_ranges  0x000000b0       0x60 ./Project_Settings/Startup_Code/system.o
 .debug_ranges  0x00000110       0xb0 ./RTD/src/Clock_Ip.o
 .debug_ranges  0x000001c0       0x28 ./RTD/src/Clock_Ip_Divider.o
 .debug_ranges  0x000001e8       0x10 ./RTD/src/Clock_Ip_DividerTrigger.o
 .debug_ranges  0x000001f8       0x40 ./RTD/src/Clock_Ip_ExtOsc.o
 .debug_ranges  0x00000238       0x30 ./RTD/src/Clock_Ip_FracDiv.o
 .debug_ranges  0x00000268       0x28 ./RTD/src/Clock_Ip_Gate.o
 .debug_ranges  0x00000290       0x18 ./RTD/src/Clock_Ip_IntOsc.o
 .debug_ranges  0x000002a8       0x10 ./RTD/src/Clock_Ip_Irq.o
 .debug_ranges  0x000002b8       0x60 ./RTD/src/Clock_Ip_Monitor.o
 .debug_ranges  0x00000318       0x48 ./RTD/src/Clock_Ip_Pll.o
 .debug_ranges  0x00000360       0x18 ./RTD/src/Clock_Ip_ProgFreqSwitch.o
 .debug_ranges  0x00000378       0x60 ./RTD/src/Clock_Ip_Selector.o
 .debug_ranges  0x000003d8       0x50 ./RTD/src/Clock_Ip_Specific.o
 .debug_ranges  0x00000428       0x28 ./RTD/src/Det.o
 .debug_ranges  0x00000450       0x38 ./RTD/src/Det_stub.o
 .debug_ranges  0x00000488       0x30 ./RTD/src/OsIf_Timer.o
 .debug_ranges  0x000004b8       0x20 ./RTD/src/OsIf_Timer_System_Internal_Systick.o
 .debug_ranges  0x000004d8       0x30 ./RTD/src/SchM_Dio.o
 .debug_ranges  0x00000508       0x40 ./RTD/src/SchM_Mcu.o
 .debug_ranges  0x00000548      0x1d0 ./RTD/src/SchM_Port.o
 .debug_ranges  0x00000718       0x60 ./RTD/src/Siul2_Dio_Ip.o
 .debug_ranges  0x00000778       0x48 ./RTD/src/Siul2_Port_Ip.o
 .debug_ranges  0x000007c0       0x10 ./src/main.o

.debug_macro    0x00000000    0x294c4
 .debug_macro   0x00000000      0x172 ./Project_Settings/Startup_Code/exceptions.o
 .debug_macro   0x00000172      0xacc ./Project_Settings/Startup_Code/exceptions.o
 .debug_macro   0x00000c3e       0x22 ./Project_Settings/Startup_Code/exceptions.o
 .debug_macro   0x00000c60       0x56 ./Project_Settings/Startup_Code/exceptions.o
 .debug_macro   0x00000cb6       0x51 ./Project_Settings/Startup_Code/exceptions.o
 .debug_macro   0x00000d07       0xef ./Project_Settings/Startup_Code/exceptions.o
 .debug_macro   0x00000df6       0x6a ./Project_Settings/Startup_Code/exceptions.o
 .debug_macro   0x00000e60      0x1df ./Project_Settings/Startup_Code/exceptions.o
 .debug_macro   0x0000103f       0x22 ./Project_Settings/Startup_Code/exceptions.o
 .debug_macro   0x00001061      0x16d ./Project_Settings/Startup_Code/exceptions.o
 .debug_macro   0x000011ce       0x82 ./Project_Settings/Startup_Code/exceptions.o
 .debug_macro   0x00001250      0x97b ./Project_Settings/Startup_Code/exceptions.o
 .debug_macro   0x00001bcb       0x3a ./Project_Settings/Startup_Code/exceptions.o
 .debug_macro   0x00001c05       0xa2 ./Project_Settings/Startup_Code/exceptions.o
 .debug_macro   0x00001ca7       0x68 ./Project_Settings/Startup_Code/exceptions.o
 .debug_macro   0x00001d0f       0x8e ./Project_Settings/Startup_Code/exceptions.o
 .debug_macro   0x00001d9d       0xff ./Project_Settings/Startup_Code/exceptions.o
 .debug_macro   0x00001e9c      0x179 ./Project_Settings/Startup_Code/exceptions.o
 .debug_macro   0x00002015       0x52 ./Project_Settings/Startup_Code/exceptions.o
 .debug_macro   0x00002067       0x16 ./Project_Settings/Startup_Code/exceptions.o
 .debug_macro   0x0000207d       0x7c ./Project_Settings/Startup_Code/exceptions.o
 .debug_macro   0x000020f9      0x130 ./Project_Settings/Startup_Code/exceptions.o
 .debug_macro   0x00002229       0x6a ./Project_Settings/Startup_Code/exceptions.o
 .debug_macro   0x00002293       0x58 ./Project_Settings/Startup_Code/exceptions.o
 .debug_macro   0x000022eb       0x81 ./Project_Settings/Startup_Code/exceptions.o
 .debug_macro   0x0000236c       0x50 ./Project_Settings/Startup_Code/exceptions.o
 .debug_macro   0x000023bc       0x50 ./Project_Settings/Startup_Code/exceptions.o
 .debug_macro   0x0000240c      0x152 ./Project_Settings/Startup_Code/nvic.o
 .debug_macro   0x0000255e       0x34 ./Project_Settings/Startup_Code/nvic.o
 .debug_macro   0x00002592     0x1b4c ./Project_Settings/Startup_Code/nvic.o
 .debug_macro   0x000040de      0xcd9 ./Project_Settings/Startup_Code/nvic.o
 .debug_macro   0x00004db7       0xe8 ./Project_Settings/Startup_Code/startup.o
 .debug_macro   0x00004e9f      0x2c6 ./Project_Settings/Startup_Code/system.o
 .debug_macro   0x00005165     0x53bd ./Project_Settings/Startup_Code/system.o
 .debug_macro   0x0000a522       0xe8 ./Project_Settings/Startup_Code/system.o
 .debug_macro   0x0000a60a     0x12ef ./Project_Settings/Startup_Code/system.o
 .debug_macro   0x0000b8f9      0x204 ./Project_Settings/Startup_Code/system.o
 .debug_macro   0x0000bafd      0xcdd ./Project_Settings/Startup_Code/system.o
 .debug_macro   0x0000c7da      0x392 ./Project_Settings/Startup_Code/system.o
 .debug_macro   0x0000cb6c     0x1cb9 ./Project_Settings/Startup_Code/system.o
 .debug_macro   0x0000e825     0x141f ./Project_Settings/Startup_Code/system.o
 .debug_macro   0x0000fc44       0xd6 ./Project_Settings/Startup_Code/system.o
 .debug_macro   0x0000fd1a      0x827 ./Project_Settings/Startup_Code/system.o
 .debug_macro   0x00010541     0x6317 ./Project_Settings/Startup_Code/system.o
 .debug_macro   0x00016858      0x136 ./Project_Settings/Startup_Code/system.o
 .debug_macro   0x0001698e       0x2e ./Project_Settings/Startup_Code/system.o
 .debug_macro   0x000169bc       0x10 ./Project_Settings/Startup_Code/system.o
 .debug_macro   0x000169cc      0x6ad ./Project_Settings/Startup_Code/system.o
 .debug_macro   0x00017079       0x50 ./Project_Settings/Startup_Code/system.o
 .debug_macro   0x000170c9       0x50 ./Project_Settings/Startup_Code/system.o
 .debug_macro   0x00017119      0x483 ./RTD/src/Clock_Ip.o
 .debug_macro   0x0001759c      0x5a7 ./RTD/src/Clock_Ip.o
 .debug_macro   0x00017b43       0x8c ./RTD/src/Clock_Ip.o
 .debug_macro   0x00017bcf       0x34 ./RTD/src/Clock_Ip.o
 .debug_macro   0x00017c03       0x50 ./RTD/src/Clock_Ip.o
 .debug_macro   0x00017c53       0x50 ./RTD/src/Clock_Ip.o
 .debug_macro   0x00017ca3       0x4d ./RTD/src/Clock_Ip.o
 .debug_macro   0x00017cf0       0x50 ./RTD/src/Clock_Ip.o
 .debug_macro   0x00017d40       0x50 ./RTD/src/Clock_Ip.o
 .debug_macro   0x00017d90       0x35 ./RTD/src/Clock_Ip.o
 .debug_macro   0x00017dc5     0x12e9 ./RTD/src/Clock_Ip.o
 .debug_macro   0x000190ae      0x1dd ./RTD/src/Clock_Ip.o
 .debug_macro   0x0001928b      0x178 ./RTD/src/Clock_Ip.o
 .debug_macro   0x00019403      0x1e4 ./RTD/src/Clock_Ip.o
 .debug_macro   0x000195e7      0x1fa ./RTD/src/Clock_Ip.o
 .debug_macro   0x000197e1      0x2c2 ./RTD/src/Clock_Ip.o
 .debug_macro   0x00019aa3      0x515 ./RTD/src/Clock_Ip.o
 .debug_macro   0x00019fb8      0x220 ./RTD/src/Clock_Ip.o
 .debug_macro   0x0001a1d8      0x208 ./RTD/src/Clock_Ip.o
 .debug_macro   0x0001a3e0       0x50 ./RTD/src/Clock_Ip.o
 .debug_macro   0x0001a430       0x50 ./RTD/src/Clock_Ip.o
 .debug_macro   0x0001a480       0x50 ./RTD/src/Clock_Ip.o
 .debug_macro   0x0001a4d0       0x50 ./RTD/src/Clock_Ip.o
 .debug_macro   0x0001a520       0x90 ./RTD/src/Clock_Ip.o
 .debug_macro   0x0001a5b0       0x50 ./RTD/src/Clock_Ip.o
 .debug_macro   0x0001a600       0x50 ./RTD/src/Clock_Ip.o
 .debug_macro   0x0001a650       0x50 ./RTD/src/Clock_Ip.o
 .debug_macro   0x0001a6a0       0x50 ./RTD/src/Clock_Ip.o
 .debug_macro   0x0001a6f0       0x50 ./RTD/src/Clock_Ip.o
 .debug_macro   0x0001a740       0x50 ./RTD/src/Clock_Ip.o
 .debug_macro   0x0001a790       0x35 ./RTD/src/Clock_Ip.o
 .debug_macro   0x0001a7c5       0x50 ./RTD/src/Clock_Ip.o
 .debug_macro   0x0001a815       0x50 ./RTD/src/Clock_Ip.o
 .debug_macro   0x0001a865       0x50 ./RTD/src/Clock_Ip.o
 .debug_macro   0x0001a8b5       0x50 ./RTD/src/Clock_Ip.o
 .debug_macro   0x0001a905       0x50 ./RTD/src/Clock_Ip.o
 .debug_macro   0x0001a955       0x50 ./RTD/src/Clock_Ip.o
 .debug_macro   0x0001a9a5      0x7c5 ./RTD/src/Clock_Ip_Data.o
 .debug_macro   0x0001b16a      0x37e ./RTD/src/Clock_Ip_Data1.o
 .debug_macro   0x0001b4e8      0x37e ./RTD/src/Clock_Ip_Data2.o
 .debug_macro   0x0001b866      0x40c ./RTD/src/Clock_Ip_Divider.o
 .debug_macro   0x0001bc72      0x409 ./RTD/src/Clock_Ip_DividerTrigger.o
 .debug_macro   0x0001c07b      0x40c ./RTD/src/Clock_Ip_ExtOsc.o
 .debug_macro   0x0001c487      0x40c ./RTD/src/Clock_Ip_FracDiv.o
 .debug_macro   0x0001c893      0x37e ./RTD/src/Clock_Ip_Frequency.o
 .debug_macro   0x0001cc11      0x37e ./RTD/src/Clock_Ip_Frequency1.o
 .debug_macro   0x0001cf8f      0x37e ./RTD/src/Clock_Ip_Frequency2.o
 .debug_macro   0x0001d30d      0x40c ./RTD/src/Clock_Ip_Gate.o
 .debug_macro   0x0001d719      0x40a ./RTD/src/Clock_Ip_IntOsc.o
 .debug_macro   0x0001db23      0x3c8 ./RTD/src/Clock_Ip_Irq.o
 .debug_macro   0x0001deeb      0x466 ./RTD/src/Clock_Ip_Monitor.o
 .debug_macro   0x0001e351       0x3a ./RTD/src/Clock_Ip_Monitor.o
 .debug_macro   0x0001e38b       0x50 ./RTD/src/Clock_Ip_Monitor.o
 .debug_macro   0x0001e3db       0x50 ./RTD/src/Clock_Ip_Monitor.o
 .debug_macro   0x0001e42b      0x40c ./RTD/src/Clock_Ip_Pll.o
 .debug_macro   0x0001e837      0x42a ./RTD/src/Clock_Ip_ProgFreqSwitch.o
 .debug_macro   0x0001ec61      0x41a ./RTD/src/Clock_Ip_Selector.o
 .debug_macro   0x0001f07b      0x3f8 ./RTD/src/Clock_Ip_Specific.o
 .debug_macro   0x0001f473      0x37e ./RTD/src/Clock_Ip_Specific1.o
 .debug_macro   0x0001f7f1      0x37e ./RTD/src/Clock_Ip_Specific2.o
 .debug_macro   0x0001fb6f      0x27f ./RTD/src/Det.o
 .debug_macro   0x0001fdee       0x40 ./RTD/src/Det.o
 .debug_macro   0x0001fe2e       0x50 ./RTD/src/Det.o
 .debug_macro   0x0001fe7e       0x50 ./RTD/src/Det.o
 .debug_macro   0x0001fece       0x50 ./RTD/src/Det.o
 .debug_macro   0x0001ff1e       0x50 ./RTD/src/Det.o
 .debug_macro   0x0001ff6e       0x50 ./RTD/src/Det.o
 .debug_macro   0x0001ffbe       0x50 ./RTD/src/Det.o
 .debug_macro   0x0002000e      0x238 ./RTD/src/Det_stub.o
 .debug_macro   0x00020246      0x166 ./RTD/src/OsIf_Interrupts.o
 .debug_macro   0x000203ac      0x22e ./RTD/src/OsIf_Timer.o
 .debug_macro   0x000205da       0x34 ./RTD/src/OsIf_Timer.o
 .debug_macro   0x0002060e       0x71 ./RTD/src/OsIf_Timer.o
 .debug_macro   0x0002067f      0x1bf ./RTD/src/OsIf_Timer_System.o
 .debug_macro   0x0002083e       0x3a ./RTD/src/OsIf_Timer_System.o
 .debug_macro   0x00020878      0x184 ./RTD/src/OsIf_Timer_System_Internal_GenericTimer.o
 .debug_macro   0x000209fc       0x34 ./RTD/src/OsIf_Timer_System_Internal_GenericTimer.o
 .debug_macro   0x00020a30       0x34 ./RTD/src/OsIf_Timer_System_Internal_GenericTimer.o
 .debug_macro   0x00020a64       0x5e ./RTD/src/OsIf_Timer_System_Internal_GenericTimer.o
 .debug_macro   0x00020ac2      0x1a0 ./RTD/src/OsIf_Timer_System_Internal_Systick.o
 .debug_macro   0x00020c62       0x3a ./RTD/src/OsIf_Timer_System_Internal_Systick.o
 .debug_macro   0x00020c9c      0x239 ./RTD/src/SchM_Dio.o
 .debug_macro   0x00020ed5       0x3a ./RTD/src/SchM_Dio.o
 .debug_macro   0x00020f0f       0x50 ./RTD/src/SchM_Dio.o
 .debug_macro   0x00020f5f       0x50 ./RTD/src/SchM_Dio.o
 .debug_macro   0x00020faf      0x239 ./RTD/src/SchM_Mcu.o
 .debug_macro   0x000211e8      0x23d ./RTD/src/SchM_Port.o
 .debug_macro   0x00021425       0x3a ./RTD/src/SchM_Port.o
 .debug_macro   0x0002145f      0x256 ./RTD/src/Siul2_Dio_Ip.o
 .debug_macro   0x000216b5     0x6311 ./RTD/src/Siul2_Dio_Ip.o
 .debug_macro   0x000279c6       0x7c ./RTD/src/Siul2_Dio_Ip.o
 .debug_macro   0x00027a42       0x74 ./RTD/src/Siul2_Dio_Ip.o
 .debug_macro   0x00027ab6       0x50 ./RTD/src/Siul2_Dio_Ip.o
 .debug_macro   0x00027b06       0x50 ./RTD/src/Siul2_Dio_Ip.o
 .debug_macro   0x00027b56       0x50 ./RTD/src/Siul2_Dio_Ip.o
 .debug_macro   0x00027ba6       0x50 ./RTD/src/Siul2_Dio_Ip.o
 .debug_macro   0x00027bf6      0x2e3 ./RTD/src/Siul2_Port_Ip.o
 .debug_macro   0x00027ed9       0xad ./RTD/src/Siul2_Port_Ip.o
 .debug_macro   0x00027f86       0x34 ./RTD/src/Siul2_Port_Ip.o
 .debug_macro   0x00027fba       0x3a ./RTD/src/Siul2_Port_Ip.o
 .debug_macro   0x00027ff4       0x50 ./RTD/src/Siul2_Port_Ip.o
 .debug_macro   0x00028044       0x50 ./RTD/src/Siul2_Port_Ip.o
 .debug_macro   0x00028094       0x82 ./RTD/src/Siul2_Port_Ip.o
 .debug_macro   0x00028116       0x50 ./RTD/src/Siul2_Port_Ip.o
 .debug_macro   0x00028166       0x50 ./RTD/src/Siul2_Port_Ip.o
 .debug_macro   0x000281b6       0x50 ./RTD/src/Siul2_Port_Ip.o
 .debug_macro   0x00028206       0x50 ./RTD/src/Siul2_Port_Ip.o
 .debug_macro   0x00028256      0x1ff ./RTD/src/Siul2_Port_Ip.o
 .debug_macro   0x00028455       0x50 ./RTD/src/Siul2_Port_Ip.o
 .debug_macro   0x000284a5       0x50 ./RTD/src/Siul2_Port_Ip.o
 .debug_macro   0x000284f5       0x50 ./RTD/src/Siul2_Port_Ip.o
 .debug_macro   0x00028545       0x50 ./RTD/src/Siul2_Port_Ip.o
 .debug_macro   0x00028595      0x181 ./board/Siul2_Port_Ip_Cfg.o
 .debug_macro   0x00028716       0x63 ./board/dcd_config.o
 .debug_macro   0x00028779       0x63 ./board/ivt_config.o
 .debug_macro   0x000287dc       0x63 ./board/quadspi_config.o
 .debug_macro   0x0002883f      0x3c8 ./generate/src/Clock_Ip_BOARD_InitPeripherals_PBcfg.o
 .debug_macro   0x00028c07      0x3c6 ./generate/src/Clock_Ip_Cfg.o
 .debug_macro   0x00028fcd      0x190 ./generate/src/OsIf_Cfg.o
 .debug_macro   0x0002915d      0x2e5 ./src/main.o
 .debug_macro   0x00029442       0x82 ./src/main.o

.debug_line     0x00000000    0x13cb1
 .debug_line    0x00000000      0x5cf ./Project_Settings/Startup_Code/exceptions.o
 .debug_line    0x000005cf      0x533 ./Project_Settings/Startup_Code/nvic.o
 .debug_line    0x00000b02      0x4b7 ./Project_Settings/Startup_Code/startup.o
 .debug_line    0x00000fb9      0x13a ./Project_Settings/Startup_Code/startup_cm7.o
 .debug_line    0x000010f3      0x91e ./Project_Settings/Startup_Code/system.o
 .debug_line    0x00001a11     0x1355 ./RTD/src/Clock_Ip.o
 .debug_line    0x00002d66      0x638 ./RTD/src/Clock_Ip_Data.o
 .debug_line    0x0000339e      0x639 ./RTD/src/Clock_Ip_Data1.o
 .debug_line    0x000039d7      0x639 ./RTD/src/Clock_Ip_Data2.o
 .debug_line    0x00004010      0x817 ./RTD/src/Clock_Ip_Divider.o
 .debug_line    0x00004827      0x65b ./RTD/src/Clock_Ip_DividerTrigger.o
 .debug_line    0x00004e82      0x7ab ./RTD/src/Clock_Ip_ExtOsc.o
 .debug_line    0x0000562d      0x7b3 ./RTD/src/Clock_Ip_FracDiv.o
 .debug_line    0x00005de0      0x63d ./RTD/src/Clock_Ip_Frequency.o
 .debug_line    0x0000641d      0x63e ./RTD/src/Clock_Ip_Frequency1.o
 .debug_line    0x00006a5b      0x63e ./RTD/src/Clock_Ip_Frequency2.o
 .debug_line    0x00007099      0x7c7 ./RTD/src/Clock_Ip_Gate.o
 .debug_line    0x00007860      0x65c ./RTD/src/Clock_Ip_IntOsc.o
 .debug_line    0x00007ebc      0x64c ./RTD/src/Clock_Ip_Irq.o
 .debug_line    0x00008508      0xa15 ./RTD/src/Clock_Ip_Monitor.o
 .debug_line    0x00008f1d      0x847 ./RTD/src/Clock_Ip_Pll.o
 .debug_line    0x00009764      0x858 ./RTD/src/Clock_Ip_ProgFreqSwitch.o
 .debug_line    0x00009fbc      0xb6d ./RTD/src/Clock_Ip_Selector.o
 .debug_line    0x0000ab29      0x9b6 ./RTD/src/Clock_Ip_Specific.o
 .debug_line    0x0000b4df      0x63d ./RTD/src/Clock_Ip_Specific1.o
 .debug_line    0x0000bb1c      0x63d ./RTD/src/Clock_Ip_Specific2.o
 .debug_line    0x0000c159      0x57c ./RTD/src/Det.o
 .debug_line    0x0000c6d5      0x7e0 ./RTD/src/Det_stub.o
 .debug_line    0x0000ceb5      0x490 ./RTD/src/OsIf_Interrupts.o
 .debug_line    0x0000d345      0x52c ./RTD/src/OsIf_Timer.o
 .debug_line    0x0000d871      0x4e5 ./RTD/src/OsIf_Timer_System.o
 .debug_line    0x0000dd56      0x4d7 ./RTD/src/OsIf_Timer_System_Internal_GenericTimer.o
 .debug_line    0x0000e22d      0x518 ./RTD/src/OsIf_Timer_System_Internal_Systick.o
 .debug_line    0x0000e745      0x613 ./RTD/src/SchM_Dio.o
 .debug_line    0x0000ed58      0x69e ./RTD/src/SchM_Mcu.o
 .debug_line    0x0000f3f6     0x1433 ./RTD/src/SchM_Port.o
 .debug_line    0x00010829      0x766 ./RTD/src/Siul2_Dio_Ip.o
 .debug_line    0x00010f8f      0xb12 ./RTD/src/Siul2_Port_Ip.o
 .debug_line    0x00011aa1      0x477 ./board/Siul2_Port_Ip_Cfg.o
 .debug_line    0x00011f18      0x20d ./board/dcd_config.o
 .debug_line    0x00012125      0x20d ./board/ivt_config.o
 .debug_line    0x00012332      0x211 ./board/quadspi_config.o
 .debug_line    0x00012543      0x654 ./generate/src/Clock_Ip_BOARD_InitPeripherals_PBcfg.o
 .debug_line    0x00012b97      0x63c ./generate/src/Clock_Ip_Cfg.o
 .debug_line    0x000131d3      0x49c ./generate/src/OsIf_Cfg.o
 .debug_line    0x0001366f      0x642 ./src/main.o

.debug_str      0x00000000    0xc339b
 .debug_str     0x00000000     0x8493 ./Project_Settings/Startup_Code/exceptions.o
                               0x8694 (size before relaxing)
 .debug_str     0x00008493    0x11be1 ./Project_Settings/Startup_Code/nvic.o
                              0x18121 (size before relaxing)
 .debug_str     0x0001a074       0xde ./Project_Settings/Startup_Code/startup.o
                               0x61bb (size before relaxing)
 .debug_str     0x0001a152       0x3b ./Project_Settings/Startup_Code/startup_cm7.o
                                 0x8b (size before relaxing)
 .debug_str     0x0001a18d    0x8f0e8 ./Project_Settings/Startup_Code/system.o
                              0x9dda2 (size before relaxing)
 .debug_str     0x000a9275     0xece2 ./RTD/src/Clock_Ip.o
                              0x45b6e (size before relaxing)
 .debug_str     0x000b7f57     0x16bd ./RTD/src/Clock_Ip_Data.o
                              0x46816 (size before relaxing)
 .debug_str     0x000b9614       0x1c ./RTD/src/Clock_Ip_Data1.o
                              0x450a5 (size before relaxing)
 .debug_str     0x000b9630       0x1c ./RTD/src/Clock_Ip_Data2.o
                              0x450a5 (size before relaxing)
 .debug_str     0x000b964c      0x23a ./RTD/src/Clock_Ip_Divider.o
                              0x45453 (size before relaxing)
 .debug_str     0x000b9886      0x19b ./RTD/src/Clock_Ip_DividerTrigger.o
                              0x4522b (size before relaxing)
 .debug_str     0x000b9a21      0x257 ./RTD/src/Clock_Ip_ExtOsc.o
                              0x45496 (size before relaxing)
 .debug_str     0x000b9c78      0x1f3 ./RTD/src/Clock_Ip_FracDiv.o
                              0x4544e (size before relaxing)
 .debug_str     0x000b9e6b       0x20 ./RTD/src/Clock_Ip_Frequency.o
                              0x450a9 (size before relaxing)
 .debug_str     0x000b9e8b       0x21 ./RTD/src/Clock_Ip_Frequency1.o
                              0x450aa (size before relaxing)
 .debug_str     0x000b9eac       0x21 ./RTD/src/Clock_Ip_Frequency2.o
                              0x450aa (size before relaxing)
 .debug_str     0x000b9ecd      0x221 ./RTD/src/Clock_Ip_Gate.o
                              0x45461 (size before relaxing)
 .debug_str     0x000ba0ee      0x17f ./RTD/src/Clock_Ip_IntOsc.o
                              0x4520f (size before relaxing)
 .debug_str     0x000ba26d      0x154 ./RTD/src/Clock_Ip_Irq.o
                              0x451dd (size before relaxing)
 .debug_str     0x000ba3c1      0x785 ./RTD/src/Clock_Ip_Monitor.o
                              0x45a28 (size before relaxing)
 .debug_str     0x000bab46      0x328 ./RTD/src/Clock_Ip_Pll.o
                              0x45434 (size before relaxing)
 .debug_str     0x000bae6e      0x2e6 ./RTD/src/Clock_Ip_ProgFreqSwitch.o
                              0x453ab (size before relaxing)
 .debug_str     0x000bb154      0x4aa ./RTD/src/Clock_Ip_Selector.o
                              0x45721 (size before relaxing)
 .debug_str     0x000bb5fe      0x416 ./RTD/src/Clock_Ip_Specific.o
                              0x45ad7 (size before relaxing)
 .debug_str     0x000bba14       0x20 ./RTD/src/Clock_Ip_Specific1.o
                              0x450a9 (size before relaxing)
 .debug_str     0x000bba34       0x20 ./RTD/src/Clock_Ip_Specific2.o
                              0x450a9 (size before relaxing)
 .debug_str     0x000bba54      0x5b2 ./RTD/src/Det.o
                               0x8d69 (size before relaxing)
 .debug_str     0x000bc006       0xc1 ./RTD/src/Det_stub.o
                               0x8cfb (size before relaxing)
 .debug_str     0x000bc0c7       0x30 ./RTD/src/OsIf_Interrupts.o
                               0x7ad4 (size before relaxing)
 .debug_str     0x000bc0f7      0x524 ./RTD/src/OsIf_Timer.o
                               0x8bf4 (size before relaxing)
 .debug_str     0x000bc61b      0x14c ./RTD/src/OsIf_Timer_System.o
                               0x8ae0 (size before relaxing)
 .debug_str     0x000bc767      0x4c9 ./RTD/src/OsIf_Timer_System_Internal_GenericTimer.o
                               0x88a0 (size before relaxing)
 .debug_str     0x000bcc30      0x51d ./RTD/src/OsIf_Timer_System_Internal_Systick.o
                               0x76b7 (size before relaxing)
 .debug_str     0x000bd14d      0x408 ./RTD/src/SchM_Dio.o
                               0x8c90 (size before relaxing)
 .debug_str     0x000bd555      0x243 ./RTD/src/SchM_Mcu.o
                               0x8d17 (size before relaxing)
 .debug_str     0x000bd798     0x1141 ./RTD/src/SchM_Port.o
                               0x9afd (size before relaxing)
 .debug_str     0x000be8d9     0x17f2 ./RTD/src/Siul2_Dio_Ip.o
                              0x37006 (size before relaxing)
 .debug_str     0x000c00cb     0x2cfd ./RTD/src/Siul2_Port_Ip.o
                              0x390ef (size before relaxing)
 .debug_str     0x000c2dc8      0x143 ./board/Siul2_Port_Ip_Cfg.o
                              0x34e49 (size before relaxing)
 .debug_str     0x000c2f0b       0x23 ./board/dcd_config.o
                               0x3d9b (size before relaxing)
 .debug_str     0x000c2f2e       0x21 ./board/ivt_config.o
                               0x3d99 (size before relaxing)
 .debug_str     0x000c2f4f       0x29 ./board/quadspi_config.o
                               0x3da1 (size before relaxing)
 .debug_str     0x000c2f78      0x1e2 ./generate/src/Clock_Ip_BOARD_InitPeripherals_PBcfg.o
                              0x4526b (size before relaxing)
 .debug_str     0x000c315a      0x122 ./generate/src/Clock_Ip_Cfg.o
                              0x451ab (size before relaxing)
 .debug_str     0x000c327c      0x102 ./generate/src/OsIf_Cfg.o
                               0x8818 (size before relaxing)
 .debug_str     0x000c337e       0x1d ./src/main.o
                              0x3b299 (size before relaxing)

.debug_frame    0x00000000     0x1458
 .debug_frame   0x00000000       0xb0 ./Project_Settings/Startup_Code/exceptions.o
 .debug_frame   0x000000b0       0x50 ./Project_Settings/Startup_Code/nvic.o
 .debug_frame   0x00000100       0x30 ./Project_Settings/Startup_Code/startup.o
 .debug_frame   0x00000130       0x74 ./Project_Settings/Startup_Code/system.o
 .debug_frame   0x000001a4      0x16c ./RTD/src/Clock_Ip.o
 .debug_frame   0x00000310       0x7c ./RTD/src/Clock_Ip_Divider.o
 .debug_frame   0x0000038c       0x20 ./RTD/src/Clock_Ip_DividerTrigger.o
 .debug_frame   0x000003ac       0x94 ./RTD/src/Clock_Ip_ExtOsc.o
 .debug_frame   0x00000440       0x80 ./RTD/src/Clock_Ip_FracDiv.o
 .debug_frame   0x000004c0       0x6c ./RTD/src/Clock_Ip_Gate.o
 .debug_frame   0x0000052c       0x30 ./RTD/src/Clock_Ip_IntOsc.o
 .debug_frame   0x0000055c       0x20 ./RTD/src/Clock_Ip_Irq.o
 .debug_frame   0x0000057c      0x104 ./RTD/src/Clock_Ip_Monitor.o
 .debug_frame   0x00000680       0xe0 ./RTD/src/Clock_Ip_Pll.o
 .debug_frame   0x00000760       0x40 ./RTD/src/Clock_Ip_ProgFreqSwitch.o
 .debug_frame   0x000007a0      0x12c ./RTD/src/Clock_Ip_Selector.o
 .debug_frame   0x000008cc       0x74 ./RTD/src/Clock_Ip_Specific.o
 .debug_frame   0x00000940       0x90 ./RTD/src/Det.o
 .debug_frame   0x000009d0       0xd0 ./RTD/src/Det_stub.o
 .debug_frame   0x00000aa0       0x60 ./RTD/src/OsIf_Timer.o
 .debug_frame   0x00000b00       0x40 ./RTD/src/OsIf_Timer_System_Internal_Systick.o
 .debug_frame   0x00000b40       0x80 ./RTD/src/SchM_Dio.o
 .debug_frame   0x00000bc0       0xb0 ./RTD/src/SchM_Mcu.o
 .debug_frame   0x00000c70      0x560 ./RTD/src/SchM_Port.o
 .debug_frame   0x000011d0      0x138 ./RTD/src/Siul2_Dio_Ip.o
 .debug_frame   0x00001308      0x128 ./RTD/src/Siul2_Port_Ip.o
 .debug_frame   0x00001430       0x28 ./src/main.o

.debug_loc      0x00000000     0x458d
 .debug_loc     0x00000000       0xb9 ./Project_Settings/Startup_Code/nvic.o
 .debug_loc     0x000000b9      0x12c ./Project_Settings/Startup_Code/startup.o
 .debug_loc     0x000001e5      0x1b3 ./Project_Settings/Startup_Code/system.o
 .debug_loc     0x00000398      0x85f ./RTD/src/Clock_Ip.o
 .debug_loc     0x00000bf7      0x18f ./RTD/src/Clock_Ip_Divider.o
 .debug_loc     0x00000d86       0xde ./RTD/src/Clock_Ip_ExtOsc.o
 .debug_loc     0x00000e64      0x20b ./RTD/src/Clock_Ip_FracDiv.o
 .debug_loc     0x0000106f      0x143 ./RTD/src/Clock_Ip_Gate.o
 .debug_loc     0x000011b2      0x61f ./RTD/src/Clock_Ip_Monitor.o
 .debug_loc     0x000017d1      0x198 ./RTD/src/Clock_Ip_Pll.o
 .debug_loc     0x00001969      0x4cb ./RTD/src/Clock_Ip_ProgFreqSwitch.o
 .debug_loc     0x00001e34      0x39d ./RTD/src/Clock_Ip_Selector.o
 .debug_loc     0x000021d1      0x1ce ./RTD/src/Clock_Ip_Specific.o
 .debug_loc     0x0000239f      0x1fb ./RTD/src/Det.o
 .debug_loc     0x0000259a      0x3fc ./RTD/src/Det_stub.o
 .debug_loc     0x00002996       0x99 ./RTD/src/OsIf_Timer.o
 .debug_loc     0x00002a2f       0x85 ./RTD/src/OsIf_Timer_System_Internal_Systick.o
 .debug_loc     0x00002ab4       0xbd ./RTD/src/SchM_Dio.o
 .debug_loc     0x00002b71      0x111 ./RTD/src/SchM_Mcu.o
 .debug_loc     0x00002c82      0x945 ./RTD/src/SchM_Port.o
 .debug_loc     0x000035c7      0x414 ./RTD/src/Siul2_Dio_Ip.o
 .debug_loc     0x000039db      0xbb2 ./RTD/src/Siul2_Port_Ip.o
